Component: ARM Compiler 5.06 update 7 (build 960) Tool: armlink [4d3601]

==============================================================================

Section Cross References

    startup_lpc17xx.o(STACK) refers (Special) to heapauxi.o(.text) for __use_two_region_memory
    startup_lpc17xx.o(HEAP) refers (Special) to heapauxi.o(.text) for __use_two_region_memory
    startup_lpc17xx.o(RESET) refers (Special) to heapauxi.o(.text) for __use_two_region_memory
    startup_lpc17xx.o(RESET) refers to startup_lpc17xx.o(STACK) for __initial_sp
    startup_lpc17xx.o(RESET) refers to startup_lpc17xx.o(.text) for Reset_Handler
    startup_lpc17xx.o(RESET) refers to irq_timer.o(i.TIMER0_IRQHandler) for TIMER0_IRQHandler
    startup_lpc17xx.o(RESET) refers to irq_timer.o(i.TIMER1_IRQHandler) for TIMER1_IRQHandler
    startup_lpc17xx.o(RESET) refers to irq_timer.o(i.TIMER2_IRQHandler) for TIMER2_IRQHandler
    startup_lpc17xx.o(RESET) refers to irq_timer.o(i.TIMER3_IRQHandler) for TIMER3_IRQHandler
    startup_lpc17xx.o(RESET) refers to irq_button.o(i.EINT0_IRQHandler) for EINT0_IRQHandler
    startup_lpc17xx.o(RESET) refers to irq_button.o(i.EINT1_IRQHandler) for EINT1_IRQHandler
    startup_lpc17xx.o(RESET) refers to irq_button.o(i.EINT2_IRQHandler) for EINT2_IRQHandler
    startup_lpc17xx.o(RESET) refers to irq_adc.o(i.ADC_IRQHandler) for ADC_IRQHandler
    startup_lpc17xx.o(RESET) refers to irq_rit.o(i.RIT_IRQHandler) for RIT_IRQHandler
    startup_lpc17xx.o(.ARM.__at_0x02FC) refers (Special) to heapauxi.o(.text) for __use_two_region_memory
    startup_lpc17xx.o(.text) refers (Special) to heapauxi.o(.text) for __use_two_region_memory
    startup_lpc17xx.o(.text) refers to __main.o(!!!main) for __main
    startup_lpc17xx.o(.text) refers to startup_lpc17xx.o(HEAP) for Heap_Mem
    startup_lpc17xx.o(.text) refers to startup_lpc17xx.o(STACK) for Stack_Mem
    sample.o(i.draw_batteries) refers to sample.o(i.thick_line) for thick_line
    sample.o(i.draw_beverage) refers to sample.o(i.rect) for rect
    sample.o(i.draw_beverage) refers to sample.o(i.square) for square
    sample.o(i.draw_beverage) refers to sample.o(i.thick_line) for thick_line
    sample.o(i.draw_box) refers to sample.o(i.thick_line) for thick_line
    sample.o(i.draw_fixed) refers to _printf_pad.o(.text) for _printf_pre_padding
    sample.o(i.draw_fixed) refers to _printf_percent.o(.ARM.Collect$$_printf_percent$$00000000) for _printf_percent
    sample.o(i.draw_fixed) refers to _printf_d.o(.ARM.Collect$$_printf_percent$$00000009) for _printf_d
    sample.o(i.draw_fixed) refers to _printf_dec.o(.text) for _printf_int_dec
    sample.o(i.draw_fixed) refers to glcd.o(i.LCD_Clear) for LCD_Clear
    sample.o(i.draw_fixed) refers to noretval__2sprintf.o(.text) for __2sprintf
    sample.o(i.draw_fixed) refers to glcd.o(i.GUI_Text) for GUI_Text
    sample.o(i.draw_fixed) refers to sample.o(i.draw_volume) for draw_volume
    sample.o(i.draw_fixed) refers to sample.o(i.draw_batteries) for draw_batteries
    sample.o(i.draw_fixed) refers to sample.o(i.draw_levels) for draw_levels
    sample.o(i.draw_fixed) refers to sample.o(i.red_0) for red_0
    sample.o(i.draw_fixed) refers to sample.o(i.red_1) for red_1
    sample.o(i.draw_fixed) refers to sample.o(i.draw_box) for draw_box
    sample.o(i.draw_fixed) refers to sample.o(i.draw_meal) for draw_meal
    sample.o(i.draw_fixed) refers to sample.o(i.draw_beverage) for draw_beverage
    sample.o(i.draw_fixed) refers to irq_rit.o(.data) for sec
    sample.o(i.draw_levels) refers to sample.o(i.thick_line) for thick_line
    sample.o(i.draw_meal) refers to sample.o(i.thick_line) for thick_line
    sample.o(i.draw_volume) refers to sample.o(i.thick_line) for thick_line
    sample.o(i.draw_volume) refers to sample.o(.data) for volume
    sample.o(i.game_over) refers to _printf_percent.o(.ARM.Collect$$_printf_percent$$00000000) for _printf_percent
    sample.o(i.game_over) refers to _printf_d.o(.ARM.Collect$$_printf_percent$$00000009) for _printf_d
    sample.o(i.game_over) refers to _printf_dec.o(.text) for _printf_int_dec
    sample.o(i.game_over) refers to glcd.o(i.LCD_Clear) for LCD_Clear
    sample.o(i.game_over) refers to noretval__2sprintf.o(.text) for __2sprintf
    sample.o(i.game_over) refers to glcd.o(i.GUI_Text) for GUI_Text
    sample.o(i.game_over) refers to sample.o(i.draw_batteries) for draw_batteries
    sample.o(i.game_over) refers to sample.o(i.draw_levels) for draw_levels
    sample.o(i.game_over) refers to sample.o(i.thick_line) for thick_line
    sample.o(i.game_over) refers to irq_rit.o(.data) for sec
    sample.o(i.game_over) refers to irq_rit.o(.bss) for age_string
    sample.o(i.main) refers to system_lpc17xx.o(i.SystemInit) for SystemInit
    sample.o(i.main) refers to lib_joystick.o(i.joystick_init) for joystick_init
    sample.o(i.main) refers to glcd.o(i.LCD_Initialization) for LCD_Initialization
    sample.o(i.main) refers to glcd.o(i.LCD_Clear) for LCD_Clear
[...]
    libinit.o(.ARM.Collect$$libinit$$00000000) refers (Special) to libinit2.o(.ARM.Collect$$libinit$$0000001D) for __rt_lib_init_signal_1
    libinit.o(.ARM.Collect$$libinit$$00000000) refers (Special) to libinit2.o(.ARM.Collect$$libinit$$00000025) for __rt_lib_init_stdio_1
    libinit.o(.ARM.Collect$$libinit$$00000000) refers (Special) to libinit2.o(.ARM.Collect$$libinit$$0000000C) for __rt_lib_init_user_alloc_1
    libspace.o(.text) refers to libspace.o(.bss) for __libspace_start
    rtexit.o(.ARM.Collect$$rtexit$$00000000) refers (Special) to rtexit2.o(.ARM.Collect$$rtexit$$00000004) for __rt_exit_exit
    rtexit.o(.ARM.Collect$$rtexit$$00000000) refers (Special) to rtexit2.o(.ARM.Collect$$rtexit$$00000003) for __rt_exit_ls
    rtexit.o(.ARM.Collect$$rtexit$$00000000) refers (Special) to rtexit2.o(.ARM.Collect$$rtexit$$00000002) for __rt_exit_prels_1
    rtexit.o(.ARM.exidx) refers (Special) to rtexit2.o(.ARM.Collect$$rtexit$$00000004) for __rt_exit_exit
    rtexit.o(.ARM.exidx) refers (Special) to rtexit2.o(.ARM.Collect$$rtexit$$00000003) for __rt_exit_ls
    rtexit.o(.ARM.exidx) refers (Special) to rtexit2.o(.ARM.Collect$$rtexit$$00000002) for __rt_exit_prels_1
    rtexit.o(.ARM.exidx) refers to rtexit.o(.ARM.Collect$$rtexit$$00000000) for .ARM.Collect$$rtexit$$00000000
    libinit2.o(.ARM.Collect$$libinit$$00000010) refers to libinit2.o(.ARM.Collect$$libinit$$0000000F) for .ARM.Collect$$libinit$$0000000F
    libinit2.o(.ARM.Collect$$libinit$$00000012) refers to libinit2.o(.ARM.Collect$$libinit$$0000000F) for .ARM.Collect$$libinit$$0000000F
    libinit2.o(.ARM.Collect$$libinit$$00000014) refers to libinit2.o(.ARM.Collect$$libinit$$0000000F) for .ARM.Collect$$libinit$$0000000F
    libinit2.o(.ARM.Collect$$libinit$$00000016) refers to libinit2.o(.ARM.Collect$$libinit$$0000000F) for .ARM.Collect$$libinit$$0000000F
    libinit2.o(.ARM.Collect$$libinit$$00000018) refers to libinit2.o(.ARM.Collect$$libinit$$0000000F) for .ARM.Collect$$libinit$$0000000F
    libinit2.o(.ARM.Collect$$libinit$$00000026) refers to argv_veneer.o(.emb_text) for __ARM_argv_veneer
    libinit2.o(.ARM.Collect$$libinit$$00000027) refers to argv_veneer.o(.emb_text) for __ARM_argv_veneer
    rtexit2.o(.ARM.Collect$$rtexit$$00000003) refers to libshutdown.o(.ARM.Collect$$libshutdown$$00000000) for __rt_lib_shutdown
    rtexit2.o(.ARM.Collect$$rtexit$$00000004) refers to sys_exit.o(.text) for _sys_exit
    rtexit2.o(.ARM.exidx) refers to rtexit2.o(.ARM.Collect$$rtexit$$00000001) for .ARM.Collect$$rtexit$$00000001
    rtexit2.o(.ARM.exidx) refers to rtexit2.o(.ARM.Collect$$rtexit$$00000003) for .ARM.Collect$$rtexit$$00000003
    rtexit2.o(.ARM.exidx) refers to rtexit2.o(.ARM.Collect$$rtexit$$00000004) for .ARM.Collect$$rtexit$$00000004
    argv_veneer.o(.emb_text) refers to no_argv.o(.text) for __ARM_get_argv
    sys_exit.o(.text) refers (Special) to use_no_semi.o(.text) for __I$use$semihosting
    sys_exit.o(.text) refers (Special) to indicate_semi.o(.text) for __semihosting_library_function
    _get_argv_nomalloc.o(.text) refers (Special) to hrguard.o(.text) for __heap_region$guard
    _get_argv_nomalloc.o(.text) refers to defsig_rtmem_outer.o(.text) for __rt_SIGRTMEM
    _get_argv_nomalloc.o(.text) refers to sys_command.o(.text) for _sys_command_string
    libshutdown.o(.ARM.Collect$$libshutdown$$00000000) refers (Special) to libshutdown2.o(.ARM.Collect$$libshutdown$$00000004) for __rt_lib_shutdown_cpp_1
    libshutdown.o(.ARM.Collect$$libshutdown$$00000000) refers (Special) to libshutdown2.o(.ARM.Collect$$libshutdown$$00000002) for __rt_lib_shutdown_fini_1
    libshutdown.o(.ARM.Collect$$libshutdown$$00000000) refers (Special) to libshutdown2.o(.ARM.Collect$$libshutdown$$00000009) for __rt_lib_shutdown_fp_trap_1
    libshutdown.o(.ARM.Collect$$libshutdown$$00000000) refers (Special) to libshutdown2.o(.ARM.Collect$$libshutdown$$00000011) for __rt_lib_shutdown_heap_1
    libshutdown.o(.ARM.Collect$$libshutdown$$00000000) refers (Special) to libshutdown2.o(.ARM.Collect$$libshutdown$$00000012) for __rt_lib_shutdown_return
    libshutdown.o(.ARM.Collect$$libshutdown$$00000000) refers (Special) to libshutdown2.o(.ARM.Collect$$libshutdown$$0000000C) for __rt_lib_shutdown_signal_1
    libshutdown.o(.ARM.Collect$$libshutdown$$00000000) refers (Special) to libshutdown2.o(.ARM.Collect$$libshutdown$$00000006) for __rt_lib_shutdown_stdio_1
    libshutdown.o(.ARM.Collect$$libshutdown$$00000000) refers (Special) to libshutdown2.o(.ARM.Collect$$libshutdown$$0000000E) for __rt_lib_shutdown_user_alloc_1
    sys_command.o(.text) refers (Special) to use_no_semi.o(.text) for __I$use$semihosting
    sys_command.o(.text) refers (Special) to indicate_semi.o(.text) for __semihosting_library_function
    defsig_rtmem_outer.o(.text) refers to defsig_rtmem_inner.o(.text) for __rt_SIGRTMEM_inner
    defsig_rtmem_outer.o(.text) refers to defsig_exit.o(.text) for __sig_exit
    defsig_rtmem_formal.o(.text) refers to rt_raise.o(.text) for __rt_raise
    rt_raise.o(.text) refers to __raise.o(.text) for __raise
    rt_raise.o(.text) refers to sys_exit.o(.text) for _sys_exit
    defsig_exit.o(.text) refers to sys_exit.o(.text) for _sys_exit
    defsig_rtmem_inner.o(.text) refers to defsig_general.o(.text) for __default_signal_display
    __raise.o(.text) refers to defsig.o(CL$$defsig) for __default_signal_handler
    defsig_general.o(.text) refers to sys_wrch.o(.text) for _ttywrch
    sys_wrch.o(.text) refers (Special) to use_no_semi.o(.text) for __I$use$semihosting
    sys_wrch.o(.text) refers (Special) to indicate_semi.o(.text) for __semihosting_library_function
    defsig.o(CL$$defsig) refers to defsig_rtmem_inner.o(.text) for __rt_SIGRTMEM_inner
    defsig_abrt_inner.o(.text) refers to defsig_general.o(.text) for __default_signal_display
    defsig_fpe_inner.o(.text) refers to defsig_general.o(.text) for __default_signal_display
    defsig_rtred_inner.o(.text) refers to defsig_general.o(.text) for __default_signal_display
    defsig_stak_inner.o(.text) refers to defsig_general.o(.text) for __default_signal_display
    defsig_pvfn_inner.o(.text) refers to defsig_general.o(.text) for __default_signal_display
    defsig_cppl_inner.o(.text) refers to defsig_general.o(.text) for __default_signal_display
    defsig_segv_inner.o(.text) refers to defsig_general.o(.text) for __default_signal_display
    defsig_other.o(.text) refers to defsig_general.o(.text) for __default_signal_display


==============================================================================

Removing Unused input sections from the image.

    Removing sample.o(.rev16_text), (4 bytes).
    Removing sample.o(.revsh_text), (4 bytes).
    Removing sample.o(.rrx_text), (6 bytes).
    Removing core_cm3.o(.emb_text), (32 bytes).
    Removing system_lpc17xx.o(.rev16_text), (4 bytes).
    Removing system_lpc17xx.o(.revsh_text), (4 bytes).
    Removing system_lpc17xx.o(.rrx_text), (6 bytes).
    Removing funct_led.o(.rev16_text), (4 bytes).
    Removing funct_led.o(.revsh_text), (4 bytes).
    Removing funct_led.o(.rrx_text), (6 bytes).
    Removing funct_led.o(i.LED_Off), (40 bytes).
    Removing funct_led.o(i.LED_On), (40 bytes).
    Removing funct_led.o(i.LED_Out), (48 bytes).
    Removing funct_led.o(.constdata), (32 bytes).
    Removing lib_led.o(.rev16_text), (4 bytes).
    Removing lib_led.o(.revsh_text), (4 bytes).
    Removing lib_led.o(.rrx_text), (6 bytes).
    Removing lib_led.o(i.LED_deinit), (20 bytes).
    Removing lib_led.o(i.LED_init), (48 bytes).
    Removing lib_led.o(.data), (1 bytes).
    Removing irq_button.o(.rev16_text), (4 bytes).
    Removing irq_button.o(.revsh_text), (4 bytes).
    Removing irq_button.o(.rrx_text), (6 bytes).
    Removing lib_button.o(.rev16_text), (4 bytes).
    Removing lib_button.o(.revsh_text), (4 bytes).
    Removing lib_button.o(.rrx_text), (6 bytes).
    Removing lib_button.o(i.BUTTON_init), (136 bytes).
    Removing lib_button.o(i.__NVIC_EnableIRQ), (34 bytes).
    Removing lib_button.o(i.__NVIC_SetPriority), (40 bytes).
    Removing irq_rit.o(.rev16_text), (4 bytes).
    Removing irq_rit.o(.revsh_text), (4 bytes).
    Removing irq_rit.o(.rrx_text), (6 bytes).
    Removing lib_rit.o(.rev16_text), (4 bytes).
    Removing lib_rit.o(.revsh_text), (4 bytes).
    Removing lib_rit.o(.rrx_text), (6 bytes).
    Removing lib_rit.o(i.reset_RIT), (12 bytes).
    Removing irq_timer.o(.rev16_text), (4 bytes).
    Removing irq_timer.o(.revsh_text), (4 bytes).
    Removing irq_timer.o(.rrx_text), (6 bytes).
    Removing lib_timer.o(.rev16_text), (4 bytes).
    Removing lib_timer.o(.revsh_text), (4 bytes).
    Removing lib_timer.o(.rrx_text), (6 bytes).
    Removing glcd.o(.rev16_text), (4 bytes).
    Removing glcd.o(.revsh_text), (4 bytes).
    Removing glcd.o(.rrx_text), (6 bytes).
    Removing glcd.o(i.LCD_BGR2RGB), (26 bytes).
    Removing glcd.o(i.LCD_GetPoint), (992 bytes).
    Removing hzlib.o(i.GetGBKCode), (52 bytes).
    Removing hzlib.o(.constdata), (216576 bytes).
    Removing funct_joystick.o(.rev16_text), (4 bytes).
    Removing funct_joystick.o(.revsh_text), (4 bytes).
    Removing funct_joystick.o(.rrx_text), (6 bytes).
    Removing funct_joystick.o(i.joystick_On), (12 bytes).
    Removing lib_joystick.o(.rev16_text), (4 bytes).
    Removing lib_joystick.o(.revsh_text), (4 bytes).
    Removing lib_joystick.o(.rrx_text), (6 bytes).
    Removing touchpanel.o(.rev16_text), (4 bytes).
    Removing touchpanel.o(.revsh_text), (4 bytes).
    Removing touchpanel.o(.rrx_text), (6 bytes).
    Removing touchpanel.o(i.TP_DrawPoint), (20 bytes).
    Removing irq_adc.o(.rev16_text), (4 bytes).
    Removing irq_adc.o(.revsh_text), (4 bytes).
    Removing irq_adc.o(.rrx_text), (6 bytes).
    Removing lib_adc.o(.rev16_text), (4 bytes).
    Removing lib_adc.o(.revsh_text), (4 bytes).
    Removing lib_adc.o(.rrx_text), (6 bytes).

66 unused section(s) (total 218385 bytes) removed from the image.

==============================================================================

Image Symbol Table

    Local Symbols

    Symbol Name                              Value     Ov Type        Size  Object(Section)

    RESET                                    0x00000000   Section      204  startup_lpc17xx.o(RESET)
    ../clib/angel/boardlib.s                 0x00000000   Number         0  boardinit3.o ABSOLUTE
    ../clib/angel/boardlib.s                 0x00000000   Number         0  boardshut.o ABSOLUTE
    ../clib/angel/boardlib.s                 0x00000000   Number         0  boardinit2.o ABSOLUTE
    ../clib/angel/boardlib.s                 0x00000000   Number         0  boardinit1.o ABSOLUTE
    ../clib/angel/dczerorl2.s                0x00000000   Number         0  __dczerorl2.o ABSOLUTE
    ../clib/angel/handlers.s                 0x00000000   Number         0  __scatter_zi.o ABSOLUTE
    ../clib/angel/kernel.s                   0x00000000   Number         0  rtexit2.o ABSOLUTE
    ../clib/angel/kernel.s                   0x00000000   Number         0  __rtentry2.o ABSOLUTE
    ../clib/angel/kernel.s                   0x00000000   Number         0  __rtentry4.o ABSOLUTE
    ../clib/angel/kernel.s                   0x00000000   Number         0  rtexit.o ABSOLUTE
    ../clib/angel/kernel.s                   0x00000000   Number         0  __rtentry.o ABSOLUTE
    ../clib/angel/rt.s                       0x00000000   Number         0  rt_raise.o ABSOLUTE
    ../clib/angel/scatter.s                  0x00000000   Number         0  __scatter.o ABSOLUTE
    ../clib/angel/startup.s                  0x00000000   Number         0  __main.o ABSOLUTE
    ../clib/angel/sys.s                      0x00000000   Number         0  libspace.o ABSOLUTE
    ../clib/angel/sys.s                      0x00000000   Number         0  sys_stackheap_outer.o ABSOLUTE
    ../clib/angel/sys.s                      0x00000000   Number         0  indicate_semi.o ABSOLUTE
    ../clib/angel/sys.s                      0x00000000   Number         0  use_no_semi.o ABSOLUTE
    ../clib/angel/sysapp.c                   0x00000000   Number         0  sys_wrch.o ABSOLUTE
    ../clib/angel/sysapp.c                   0x00000000   Number         0  sys_exit.o ABSOLUTE
    ../clib/angel/sysapp.c                   0x00000000   Number         0  sys_command.o ABSOLUTE
    ../clib/armsys.c                         0x00000000   Number         0  argv_veneer.o ABSOLUTE
    ../clib/armsys.c                         0x00000000   Number         0  _get_argv_nomalloc.o ABSOLUTE
    ../clib/armsys.c                         0x00000000   Number         0  argv_veneer.o ABSOLUTE
    ../clib/armsys.c                         0x00000000   Number         0  no_argv.o ABSOLUTE
    ../clib/heapalloc.c                      0x00000000   Number         0  hrguard.o ABSOLUTE
    ../clib/heapaux.c                        0x00000000   Number         0  heapauxi.o ABSOLUTE
    ../clib/libinit.s                        0x00000000   Number         0  libshutdown2.o ABSOLUTE
    ../clib/libinit.s                        0x00000000   Number         0  libinit.o ABSOLUTE
    ../clib/libinit.s                        0x00000000   Number         0  libinit2.o ABSOLUTE
    ../clib/libinit.s                        0x00000000   Number         0  libshutdown.o ABSOLUTE
    ../clib/memcpset.s                       0x00000000   Number         0  rt_memcpy_w.o ABSOLUTE
    ../clib/memcpset.s                       0x00000000   Number         0  rt_memclr_w.o ABSOLUTE
    ../clib/memcpset.s                       0x00000000   Number         0  rt_memcpy_v6.o ABSOLUTE
    ../clib/misc.s                           0x00000000   Number         0  printf_stubs.o ABSOLUTE
    ../clib/printf.c                         0x00000000   Number         0  _sputc.o ABSOLUTE
    ../clib/printf.c                         0x00000000   Number         0  _printf_char_common.o ABSOLUTE
    ../clib/printf.c                         0x00000000   Number         0  __printf_wp.o ABSOLUTE
    ../clib/printf.c                         0x00000000   Number         0  __printf_flags_wp.o ABSOLUTE
    ../clib/printf.c                         0x00000000   Number         0  __printf_flags_ss_wp.o ABSOLUTE
    ../clib/printf.c                         0x00000000   Number         0  __printf_ss_wp.o ABSOLUTE
    ../clib/printf.c                         0x00000000   Number         0  __printf_flags.o ABSOLUTE
    ../clib/printf.c                         0x00000000   Number         0  __printf_flags_ss.o ABSOLUTE
    ../clib/printf.c                         0x00000000   Number         0  __printf.o ABSOLUTE
    ../clib/printf.c                         0x00000000   Number         0  __printf_ss.o ABSOLUTE
    ../clib/printf.c                         0x00000000   Number         0  noretval__2sprintf.o ABSOLUTE
    ../clib/printf.c                         0x00000000   Number         0  __2sprintf.o ABSOLUTE
    ../clib/printf.c                         0x00000000   Number         0  _printf_dec.o ABSOLUTE
    ../clib/printf.c                         0x00000000   Number         0  _printf_pad.o ABSOLUTE
    ../clib/printf.c                         0x00000000   Number         0  __printf_nopercent.o ABSOLUTE
    ../clib/printf.c                         0x00000000   Number         0  _printf_intcommon.o ABSOLUTE
    ../clib/printf_percent.s                 0x00000000   Number         0  _printf_percent_end.o ABSOLUTE
    ../clib/printf_percent.s                 0x00000000   Number         0  _printf_d.o ABSOLUTE
    ../clib/printf_percent.s                 0x00000000   Number         0  _printf_percent.o ABSOLUTE
    ../clib/signal.c                         0x00000000   Number         0  defsig_other.o ABSOLUTE
    ../clib/signal.c                         0x00000000   Number         0  defsig_segv_inner.o ABSOLUTE
    ../clib/signal.c                         0x00000000   Number         0  defsig_cppl_inner.o ABSOLUTE
    ../clib/signal.c                         0x00000000   Number         0  defsig_pvfn_inner.o ABSOLUTE
    ../clib/signal.c                         0x00000000   Number         0  defsig_stak_inner.o ABSOLUTE
    ../clib/signal.c                         0x00000000   Number         0  defsig_rtred_inner.o ABSOLUTE
    ../clib/signal.c                         0x00000000   Number         0  defsig_fpe_inner.o ABSOLUTE
    ../clib/signal.c                         0x00000000   Number         0  defsig_abrt_inner.o ABSOLUTE
    ../clib/signal.c                         0x00000000   Number         0  defsig_general.o ABSOLUTE
    ../clib/signal.c                         0x00000000   Number         0  __raise.o ABSOLUTE
    ../clib/signal.c                         0x00000000   Number         0  defsig_rtmem_inner.o ABSOLUTE
    ../clib/signal.c                         0x00000000   Number         0  defsig_exit.o ABSOLUTE
    ../clib/signal.c                         0x00000000   Number         0  defsig_rtmem_formal.o ABSOLUTE
    ../clib/signal.c                         0x00000000   Number         0  defsig_rtmem_outer.o ABSOLUTE
    ../clib/signal.s                         0x00000000   Number         0  defsig.o ABSOLUTE
    ../clib/stdlib.c                         0x00000000   Number         0  exit.o ABSOLUTE
    ../fplib/daddsub.s                       0x00000000   Number         0  daddsub_clz.o ABSOLUTE
    ../fplib/dcmpi.s                         0x00000000   Number         0  dcmpi.o ABSOLUTE
    ../fplib/ddiv.s                          0x00000000   Number         0  ddiv.o ABSOLUTE
    ../fplib/deqf.s                          0x00000000   Number         0  deqf.o ABSOLUTE
    ../fplib/dfixu.s                         0x00000000   Number         0  dfixu.o ABSOLUTE
    ../fplib/dflt.s                          0x00000000   Number         0  dflt_clz.o ABSOLUTE
    ../fplib/dmul.s                          0x00000000   Number         0  dmul.o ABSOLUTE
    ../fplib/dnaninf.s                       0x00000000   Number         0  dnaninf.o ABSOLUTE
    ../fplib/dretinf.s                       0x00000000   Number         0  dretinf.o ABSOLUTE
    ../fplib/fpinit.s                        0x00000000   Number         0  fpinit.o ABSOLUTE
    ../fplib/usenofp.s                       0x00000000   Number         0  usenofp.o ABSOLUTE
    GLCD\AsciiLib.c                          0x00000000   Number         0  asciilib.o ABSOLUTE
    GLCD\GLCD.c                              0x00000000   Number         0  glcd.o ABSOLUTE
    GLCD\HzLib.c                             0x00000000   Number         0  hzlib.o ABSOLUTE
    GLCD\\GLCD.c                             0x00000000   Number         0  glcd.o ABSOLUTE
    RIT\IRQ_RIT.c                            0x00000000   Number         0  irq_rit.o ABSOLUTE
    RIT\\IRQ_RIT.c                           0x00000000   Number         0  irq_rit.o ABSOLUTE
    RIT\\lib_RIT.c                           0x00000000   Number         0  lib_rit.o ABSOLUTE
    RIT\lib_RIT.c                            0x00000000   Number         0  lib_rit.o ABSOLUTE
    TouchPanel\TouchPanel.c                  0x00000000   Number         0  touchpanel.o ABSOLUTE
    TouchPanel\\TouchPanel.c                 0x00000000   Number         0  touchpanel.o ABSOLUTE
    adc\IRQ_adc.c                            0x00000000   Number         0  irq_adc.o ABSOLUTE
    adc\\IRQ_adc.c                           0x00000000   Number         0  irq_adc.o ABSOLUTE
    adc\\lib_adc.c                           0x00000000   Number         0  lib_adc.o ABSOLUTE
    adc\lib_adc.c                            0x00000000   Number         0  lib_adc.o ABSOLUTE
    button_EXINT\IRQ_button.c                0x00000000   Number         0  irq_button.o ABSOLUTE
    button_EXINT\\IRQ_button.c               0x00000000   Number         0  irq_button.o ABSOLUTE
    button_EXINT\\lib_button.c               0x00000000   Number         0  lib_button.o ABSOLUTE
    button_EXINT\lib_button.c                0x00000000   Number         0  lib_button.o ABSOLUTE
    core_cm3.c                               0x00000000   Number         0  core_cm3.o ABSOLUTE
    core_cm3.c                               0x00000000   Number         0  core_cm3.o ABSOLUTE
    dc.s                                     0x00000000   Number         0  dc.o ABSOLUTE
    joystick\\funct_joystick.c               0x00000000   Number         0  funct_joystick.o ABSOLUTE
    joystick\\lib_joystick.c                 0x00000000   Number         0  lib_joystick.o ABSOLUTE
    joystick\funct_joystick.c                0x00000000   Number         0  funct_joystick.o ABSOLUTE
    joystick\lib_joystick.c                  0x00000000   Number         0  lib_joystick.o ABSOLUTE
    led\\funct_led.c                         0x00000000   Number         0  funct_led.o ABSOLUTE
    led\\lib_led.c                           0x00000000   Number         0  lib_led.o ABSOLUTE
    led\funct_led.c                          0x00000000   Number         0  funct_led.o ABSOLUTE
    led\lib_led.c                            0x00000000   Number         0  lib_led.o ABSOLUTE
    sample.c                                 0x00000000   Number         0  sample.o ABSOLUTE
    sample.c                                 0x00000000   Number         0  sample.o ABSOLUTE
    startup_LPC17xx.s                        0x00000000   Number         0  startup_lpc17xx.o ABSOLUTE
    system_LPC17xx.c                         0x00000000   Number         0  system_lpc17xx.o ABSOLUTE
    system_LPC17xx.c                         0x00000000   Number         0  system_lpc17xx.o ABSOLUTE
    timer\IRQ_timer.c                        0x00000000   Number         0  irq_timer.o ABSOLUTE
    timer\\IRQ_timer.c                       0x00000000   Number         0  irq_timer.o ABSOLUTE
    timer\\lib_timer.c                       0x00000000   Number         0  lib_timer.o ABSOLUTE
    timer\lib_timer.c                        0x00000000   Number         0  lib_timer.o ABSOLUTE
    !!!main                                  0x000000cc   Section        8  __main.o(!!!main)
    !!!scatter                               0x000000d4   Section       52  __scatter.o(!!!scatter)
    !!dczerorl2                              0x00000108   Section       90  __dczerorl2.o(!!dczerorl2)
    !!handler_zi                             0x00000164   Section       28  __scatter_zi.o(!!handler_zi)
    .ARM.Collect$$_printf_percent$$00000000  0x00000180   Section        0  _printf_percent.o(.ARM.Collect$$_printf_percent$$00000000)
    .ARM.Collect$$_printf_percent$$00000009  0x00000180   Section        6  _printf_d.o(.ARM.Collect$$_printf_percent$$00000009)
    .ARM.Collect$$_printf_percent$$00000017  0x00000186   Section        4  _printf_percent_end.o(.ARM.Collect$$_printf_percent$$00000017)
    .ARM.Collect$$libinit$$00000000          0x0000018a   Section        2  libinit.o(.ARM.Collect$$libinit$$00000000)
    .ARM.Collect$$libinit$$00000002          0x0000018c   Section        0  libinit2.o(.ARM.Collect$$libinit$$00000002)
    .ARM.Collect$$libinit$$00000004          0x0000018c   Section        0  libinit2.o(.ARM.Collect$$libinit$$00000004)
    .ARM.Collect$$libinit$$0000000A          0x0000018c   Section        0  libinit2.o(.ARM.Collect$$libinit$$0000000A)
    .ARM.Collect$$libinit$$0000000C          0x0000018c   Section        0  libinit2.o(.ARM.Collect$$libinit$$0000000C)
    .ARM.Collect$$libinit$$0000000E          0x0000018c   Section        0  libinit2.o(.ARM.Collect$$libinit$$0000000E)
    .ARM.Collect$$libinit$$00000011          0x0000018c   Section        0  libinit2.o(.ARM.Collect$$libinit$$00000011)
    .ARM.Collect$$libinit$$00000013          0x0000018c   Section        0  libinit2.o(.ARM.Collect$$libinit$$00000013)
    .ARM.Collect$$libinit$$00000015          0x0000018c   Section        0  libinit2.o(.ARM.Collect$$libinit$$00000015)
    .ARM.Collect$$libinit$$00000017          0x0000018c   Section        0  libinit2.o(.ARM.Collect$$libinit$$00000017)
    .ARM.Collect$$libinit$$00000019          0x0000018c   Section        0  libinit2.o(.ARM.Collect$$libinit$$00000019)
    .ARM.Collect$$libinit$$0000001B          0x0000018c   Section        0  libinit2.o(.ARM.Collect$$libinit$$0000001B)
    .ARM.Collect$$libinit$$0000001D          0x0000018c   Section        0  libinit2.o(.ARM.Collect$$libinit$$0000001D)
    .ARM.Collect$$libinit$$0000001F          0x0000018c   Section        0  libinit2.o(.ARM.Collect$$libinit$$0000001F)
    .ARM.Collect$$libinit$$00000021          0x0000018c   Section        0  libinit2.o(.ARM.Collect$$libinit$$00000021)
    .ARM.Collect$$libinit$$00000023          0x0000018c   Section        0  libinit2.o(.ARM.Collect$$libinit$$00000023)
    .ARM.Collect$$libinit$$00000025          0x0000018c   Section        0  libinit2.o(.ARM.Collect$$libinit$$00000025)
    .ARM.Collect$$libinit$$0000002C          0x0000018c   Section        0  libinit2.o(.ARM.Collect$$libinit$$0000002C)
    .ARM.Collect$$libinit$$0000002E          0x0000018c   Section        0  libinit2.o(.ARM.Collect$$libinit$$0000002E)
    .ARM.Collect$$libinit$$00000030          0x0000018c   Section        0  libinit2.o(.ARM.Collect$$libinit$$00000030)
    .ARM.Collect$$libinit$$00000032          0x0000018c   Section        0  libinit2.o(.ARM.Collect$$libinit$$00000032)
    .ARM.Collect$$libinit$$00000033          0x0000018c   Section        2  libinit2.o(.ARM.Collect$$libinit$$00000033)
    .ARM.Collect$$libshutdown$$00000000      0x0000018e   Section        2  libshutdown.o(.ARM.Collect$$libshutdown$$00000000)
    .ARM.Collect$$libshutdown$$00000002      0x00000190   Section        0  libshutdown2.o(.ARM.Collect$$libshutdown$$00000002)
    .ARM.Collect$$libshutdown$$00000004      0x00000190   Section        0  libshutdown2.o(.ARM.Collect$$libshutdown$$00000004)
    .ARM.Collect$$libshutdown$$00000006      0x00000190   Section        0  libshutdown2.o(.ARM.Collect$$libshutdown$$00000006)
    .ARM.Collect$$libshutdown$$00000009      0x00000190   Section        0  libshutdown2.o(.ARM.Collect$$libshutdown$$00000009)
    .ARM.Collect$$libshutdown$$0000000C      0x00000190   Section        0  libshutdown2.o(.ARM.Collect$$libshutdown$$0000000C)
    .ARM.Collect$$libshutdown$$0000000E      0x00000190   Section        0  libshutdown2.o(.ARM.Collect$$libshutdown$$0000000E)
    .ARM.Collect$$libshutdown$$00000011      0x00000190   Section        0  libshutdown2.o(.ARM.Collect$$libshutdown$$00000011)
    .ARM.Collect$$libshutdown$$00000012      0x00000190   Section        2  libshutdown2.o(.ARM.Collect$$libshutdown$$00000012)
    .ARM.Collect$$rtentry$$00000000          0x00000192   Section        0  __rtentry.o(.ARM.Collect$$rtentry$$00000000)
    .ARM.Collect$$rtentry$$00000002          0x00000192   Section        0  __rtentry2.o(.ARM.Collect$$rtentry$$00000002)
    .ARM.Collect$$rtentry$$00000004          0x00000192   Section        6  __rtentry4.o(.ARM.Collect$$rtentry$$00000004)
    .ARM.Collect$$rtentry$$00000009          0x00000198   Section        0  __rtentry2.o(.ARM.Collect$$rtentry$$00000009)
    .ARM.Collect$$rtentry$$0000000A          0x00000198   Section        4  __rtentry2.o(.ARM.Collect$$rtentry$$0000000A)
    .ARM.Collect$$rtentry$$0000000C          0x0000019c   Section        0  __rtentry2.o(.ARM.Collect$$rtentry$$0000000C)
    .ARM.Collect$$rtentry$$0000000D          0x0000019c   Section        8  __rtentry2.o(.ARM.Collect$$rtentry$$0000000D)
    .ARM.Collect$$rtexit$$00000000           0x000001a4   Section        2  rtexit.o(.ARM.Collect$$rtexit$$00000000)
    .ARM.Collect$$rtexit$$00000002           0x000001a6   Section        0  rtexit2.o(.ARM.Collect$$rtexit$$00000002)
    .ARM.Collect$$rtexit$$00000003           0x000001a6   Section        4  rtexit2.o(.ARM.Collect$$rtexit$$00000003)
    .ARM.Collect$$rtexit$$00000004           0x000001aa   Section        6  rtexit2.o(.ARM.Collect$$rtexit$$00000004)
    .text                                    0x000001b0   Section       52  startup_lpc17xx.o(.text)
    .text                                    0x000001e4   Section        0  noretval__2sprintf.o(.text)
    .text                                    0x0000020c   Section        0  _printf_pad.o(.text)
    .text                                    0x0000025c   Section        0  _printf_dec.o(.text)
    .text                                    0x000002d4   Section        0  heapauxi.o(.text)
    .text                                    0x000002da   Section        0  _sputc.o(.text)
    .text                                    0x000002e4   Section        0  exit.o(.text)
    .text                                    0x000002f6   Section        2  use_no_semi.o(.text)
    .text                                    0x000002f8   Section        0  indicate_semi.o(.text)
    x$fpl$usenofp                            0x000002f8   Section        0  usenofp.o(x$fpl$usenofp)
    .ARM.__at_0x02FC                         0x000002fc   Section        4  startup_lpc17xx.o(.ARM.__at_0x02FC)
    .text                                    0x00000300   Section        0  __printf_flags_wp.o(.text)
    .text                                    0x00000438   Section      138  rt_memcpy_v6.o(.text)
    .text                                    0x000004c2   Section       78  rt_memclr_w.o(.text)
    .text                                    0x00000510   Section        0  _printf_intcommon.o(.text)
    .text                                    0x000005c4   Section        0  _printf_char_common.o(.text)
    _printf_input_char                       0x000005c5   Thumb Code    10  _printf_char_common.o(.text)
    .text                                    0x000005f4   Section      100  rt_memcpy_w.o(.text)
    .text                                    0x00000658   Section       74  sys_stackheap_outer.o(.text)
    .text                                    0x000006a4   Section        8  libspace.o(.text)
    .text                                    0x000006ac   Section        0  sys_exit.o(.text)
    i.ADC_IRQHandler                         0x000006b8   Section        0  irq_adc.o(i.ADC_IRQHandler)
    i.ADC_init                               0x0000076c   Section        0  lib_adc.o(i.ADC_init)
    i.ADC_start_conversion                   0x000007c8   Section        0  lib_adc.o(i.ADC_start_conversion)
    i.ADS7843_SPI_Init                       0x000007dc   Section        0  touchpanel.o(i.ADS7843_SPI_Init)
    ADS7843_SPI_Init                         0x000007dd   Thumb Code   128  touchpanel.o(i.ADS7843_SPI_Init)
    i.DelayUS                                0x00000868   Section        0  touchpanel.o(i.DelayUS)
    DelayUS                                  0x00000869   Thumb Code    28  touchpanel.o(i.DelayUS)
    i.DeleteCross                            0x00000884   Section        0  touchpanel.o(i.DeleteCross)
    i.DrawCross                              0x000009d0   Section        0  touchpanel.o(i.DrawCross)
    i.EINT0_IRQHandler                       0x00000b34   Section        0  irq_button.o(i.EINT0_IRQHandler)
    i.EINT1_IRQHandler                       0x00000b4c   Section        0  irq_button.o(i.EINT1_IRQHandler)
    i.EINT2_IRQHandler                       0x00000b7c   Section        0  irq_button.o(i.EINT2_IRQHandler)
    i.GUI_Text                               0x00000bac   Section        0  glcd.o(i.GUI_Text)
    i.GetASCIICode                           0x00000bfc   Section        0  asciilib.o(i.GetASCIICode)
    i.LCD_Clear                              0x00000c1c   Section        0  glcd.o(i.LCD_Clear)
    i.LCD_Configuration                      0x0000120c   Section        0  glcd.o(i.LCD_Configuration)
    LCD_Configuration                        0x0000120d   Thumb Code    20  glcd.o(i.LCD_Configuration)
    i.LCD_DrawLine                           0x00001224   Section        0  glcd.o(i.LCD_DrawLine)
    i.LCD_Initialization                     0x00001320   Section        0  glcd.o(i.LCD_Initialization)
    i.LCD_SetCursor                          0x00004218   Section        0  glcd.o(i.LCD_SetCursor)
    LCD_SetCursor                            0x00004219   Thumb Code  1356  glcd.o(i.LCD_SetCursor)
    i.LCD_SetPoint                           0x00004768   Section        0  glcd.o(i.LCD_SetPoint)
    i.LPC17xx_SPI_SetSpeed                   0x0000483c   Section        0  touchpanel.o(i.LPC17xx_SPI_SetSpeed)
    i.PutChar                                0x00004850   Section        0  glcd.o(i.PutChar)
    i.RD_AD                                  0x000048b4   Section        0  touchpanel.o(i.RD_AD)
    RD_AD                                    0x000048b5   Thumb Code    42  touchpanel.o(i.RD_AD)
    i.RIT_IRQHandler                         0x000048e0   Section        0  irq_rit.o(i.RIT_IRQHandler)
    i.Read_Ads7846                           0x00004b84   Section        0  touchpanel.o(i.Read_Ads7846)
    i.Read_X                                 0x00004d84   Section        0  touchpanel.o(i.Read_X)
    i.Read_Y                                 0x00004db4   Section        0  touchpanel.o(i.Read_Y)
    i.SystemInit                             0x00004de4   Section        0  system_lpc17xx.o(i.SystemInit)
    i.TIMER0_IRQHandler                      0x00005010   Section        0  irq_timer.o(i.TIMER0_IRQHandler)
    i.TIMER1_IRQHandler                      0x00005128   Section        0  irq_timer.o(i.TIMER1_IRQHandler)
    i.TIMER2_IRQHandler                      0x000051f4   Section        0  irq_timer.o(i.TIMER2_IRQHandler)
    i.TIMER3_IRQHandler                      0x00005260   Section        0  irq_timer.o(i.TIMER3_IRQHandler)
    i.TP_GetAdXY                             0x00005290   Section        0  touchpanel.o(i.TP_GetAdXY)
    i.TP_Init                                0x000052b4   Section        0  touchpanel.o(i.TP_Init)
    i.TouchPanel_Calibrate                   0x000052d8   Section        0  touchpanel.o(i.TouchPanel_Calibrate)
    i.WR_CMD                                 0x00005380   Section        0  touchpanel.o(i.WR_CMD)
    WR_CMD                                   0x00005381   Thumb Code    56  touchpanel.o(i.WR_CMD)
    i.__NVIC_DisableIRQ                      0x000053bc   Section        0  irq_button.o(i.__NVIC_DisableIRQ)
    __NVIC_DisableIRQ                        0x000053bd   Thumb Code    30  irq_button.o(i.__NVIC_DisableIRQ)
    i.__NVIC_EnableIRQ                       0x000053e0   Section        0  lib_timer.o(i.__NVIC_EnableIRQ)
    __NVIC_EnableIRQ                         0x000053e1   Thumb Code    34  lib_timer.o(i.__NVIC_EnableIRQ)
    i.__NVIC_SetPriority                     0x00005404   Section        0  lib_timer.o(i.__NVIC_SetPriority)
    __NVIC_SetPriority                       0x00005405   Thumb Code    32  lib_timer.o(i.__NVIC_SetPriority)
    i._is_digit                              0x0000542c   Section        0  __printf_wp.o(i._is_digit)
    i.delay_ms                               0x0000543a   Section        0  glcd.o(i.delay_ms)
    delay_ms                                 0x0000543b   Thumb Code    30  glcd.o(i.delay_ms)
    i.disable_RIT                            0x00005458   Section        0  lib_rit.o(i.disable_RIT)
    i.disable_timer                          0x0000546c   Section        0  lib_timer.o(i.disable_timer)
    i.draw_batteries                         0x000054a4   Section        0  sample.o(i.draw_batteries)
    i.draw_beverage                          0x000055a2   Section        0  sample.o(i.draw_beverage)
    i.draw_box                               0x000056c8   Section        0  sample.o(i.draw_box)
    i.draw_fixed                             0x0000578c   Section        0  sample.o(i.draw_fixed)
    i.draw_levels                            0x000058d8   Section        0  sample.o(i.draw_levels)
    i.draw_meal                              0x0000592a   Section        0  sample.o(i.draw_meal)
    i.draw_volume                            0x00005a64   Section        0  sample.o(i.draw_volume)
    i.enable_RIT                             0x00005af0   Section        0  lib_rit.o(i.enable_RIT)
    i.enable_timer                           0x00005b04   Section        0  lib_timer.o(i.enable_timer)
    i.game_over                              0x00005b3c   Section        0  sample.o(i.game_over)
    i.getDisplayPoint                        0x00005cac   Section        0  touchpanel.o(i.getDisplayPoint)
    i.init_RIT                               0x00005da8   Section        0  lib_rit.o(i.init_RIT)
    i.init_timer                             0x00005e18   Section        0  lib_timer.o(i.init_timer)
    i.joystick_init                          0x00006040   Section        0  lib_joystick.o(i.joystick_init)
    i.main                                   0x0000607c   Section        0  sample.o(i.main)
    i.rect                                   0x00006128   Section        0  sample.o(i.rect)
    i.red_0                                  0x00006178   Section        0  sample.o(i.red_0)
    i.red_1                                  0x0000646c   Section        0  sample.o(i.red_1)
    i.reset_timer                            0x00006760   Section        0  lib_timer.o(i.reset_timer)
    i.setCalibrationMatrix                   0x000067ac   Section        0  touchpanel.o(i.setCalibrationMatrix)
    i.square                                 0x00006910   Section        0  sample.o(i.square)
    i.tam_running                            0x00006938   Section        0  sample.o(i.tam_running)
    i.thick_line                             0x000069d0   Section        0  sample.o(i.thick_line)
    i.wait_delay                             0x00006a44   Section        0  glcd.o(i.wait_delay)
    wait_delay                               0x00006a45   Thumb Code    12  glcd.o(i.wait_delay)
    x$fpl$dadd                               0x00006a50   Section      336  daddsub_clz.o(x$fpl$dadd)
    _dadd1                                   0x00006a61   Thumb Code     0  daddsub_clz.o(x$fpl$dadd)
    x$fpl$dcmpinf                            0x00006ba0   Section       24  dcmpi.o(x$fpl$dcmpinf)
    x$fpl$ddiv                               0x00006bb8   Section      688  ddiv.o(x$fpl$ddiv)
    ddiv_entry                               0x00006bbf   Thumb Code     0  ddiv.o(x$fpl$ddiv)
    x$fpl$deqf                               0x00006e68   Section      120  deqf.o(x$fpl$deqf)
    x$fpl$dfixu                              0x00006ee0   Section       90  dfixu.o(x$fpl$dfixu)
    x$fpl$dflt                               0x00006f3a   Section       46  dflt_clz.o(x$fpl$dflt)
    x$fpl$dfltu                              0x00006f68   Section       38  dflt_clz.o(x$fpl$dfltu)
    x$fpl$dmul                               0x00006f90   Section      340  dmul.o(x$fpl$dmul)
    x$fpl$dnaninf                            0x000070e4   Section      156  dnaninf.o(x$fpl$dnaninf)
    x$fpl$dretinf                            0x00007180   Section       12  dretinf.o(x$fpl$dretinf)
    x$fpl$dsub                               0x0000718c   Section      468  daddsub_clz.o(x$fpl$dsub)
    _dsub1                                   0x0000719d   Thumb Code     0  daddsub_clz.o(x$fpl$dsub)
    .constdata                               0x00007360   Section       32  irq_rit.o(.constdata)
    .constdata                               0x00007380   Section     1520  asciilib.o(.constdata)
    AsciiLib                                 0x00007380   Data        1520  asciilib.o(.constdata)
    .constdata                               0x00007970   Section       17  __printf_flags_wp.o(.constdata)
    maptable                                 0x00007970   Data          17  __printf_flags_wp.o(.constdata)
    STACK                                    0x10000000   Section      512  startup_lpc17xx.o(STACK)
    Stack_Mem                                0x10000000   Data         512  startup_lpc17xx.o(STACK)
    __initial_sp                             0x10000200   Data           0  startup_lpc17xx.o(STACK)
    .data                                    0x2007c000   Section       10  sample.o(.data)
    .data                                    0x2007c00c   Section        4  system_lpc17xx.o(.data)
    .data                                    0x2007c010   Section       60  irq_rit.o(.data)
    .data                                    0x2007c04c   Section      196  irq_timer.o(.data)
    .data                                    0x2007c110   Section        1  glcd.o(.data)
    LCD_Code                                 0x2007c110   Data           1  glcd.o(.data)
    .data                                    0x2007c112   Section       20  touchpanel.o(.data)
    screen                                   0x2007c122   Data           4  touchpanel.o(.data)
    .data                                    0x2007c126   Section        4  irq_adc.o(.data)
    .bss                                     0x2007c12c   Section       50  irq_rit.o(.bss)
    .bss                                     0x2007c160   Section       68  touchpanel.o(.bss)
    .bss                                     0x2007c1a4   Section       96  libspace.o(.bss)
    HEAP                                     0x2007c208   Section        0  startup_lpc17xx.o(HEAP)
    Heap_Mem                                 0x2007c208   Data           0  startup_lpc17xx.o(HEAP)

    Global Symbols

    Symbol Name                              Value     Ov Type        Size  Object(Section)

    BuildAttributes$$THM_ISAv4$P$D$K$B$S$PE$A:L22UL41UL21$X:L11$S22US41US21$IEEE1$IW$USESV6$~STKCKD$USESV7$~SHL$OSPACE$ROPI$EBA8$UX$STANDARDLIB$REQ8$PRES8$EABIv2 0x00000000   Number         0  anon$$obj.o ABSOLUTE
    __ARM_use_no_argv                        0x00000000   Number         0  sample.o ABSOLUTE
    __Vectors                                0x00000000   Data           4  startup_lpc17xx.o(RESET)
    _printf_flags                            0x00000000   Number         0  printf_stubs.o ABSOLUTE
    _printf_return_value                     0x00000000   Number         0  printf_stubs.o ABSOLUTE
    _printf_sizespec                         0x00000000   Number         0  printf_stubs.o ABSOLUTE
    _printf_widthprec                        0x00000000   Number         0  printf_stubs.o ABSOLUTE
    __ARM_exceptions_init                     - Undefined Weak Reference
    __alloca_initialize                       - Undefined Weak Reference
    __arm_fini_                               - Undefined Weak Reference
    __arm_preinit_                            - Undefined Weak Reference
    __cpp_initialize__aeabi_                  - Undefined Weak Reference
    __cxa_finalize                            - Undefined Weak Reference
    __rt_locale                               - Undefined Weak Reference
    __sigvec_lookup                           - Undefined Weak Reference
    _atexit_init                              - Undefined Weak Reference
    _call_atexit_fns                          - Undefined Weak Reference
    _clock_init                               - Undefined Weak Reference
    _fp_trap_init                             - Undefined Weak Reference
    _fp_trap_shutdown                         - Undefined Weak Reference
    _get_lc_collate                           - Undefined Weak Reference
    _get_lc_ctype                             - Undefined Weak Reference
    _get_lc_monetary                          - Undefined Weak Reference
    _get_lc_numeric                           - Undefined Weak Reference
    _get_lc_time                              - Undefined Weak Reference
    _getenv_init                              - Undefined Weak Reference
    _handle_redirection                       - Undefined Weak Reference
    _init_alloc                               - Undefined Weak Reference
    _init_user_alloc                          - Undefined Weak Reference
    _initio                                   - Undefined Weak Reference
    _printf_truncate_signed                   - Undefined Weak Reference
    _printf_truncate_unsigned                 - Undefined Weak Reference
    _rand_init                                - Undefined Weak Reference
    _signal_finish                            - Undefined Weak Reference
    _signal_init                              - Undefined Weak Reference
    _terminate_alloc                          - Undefined Weak Reference
    _terminate_user_alloc                     - Undefined Weak Reference
    _terminateio                              - Undefined Weak Reference
    __main                                   0x000000cd   Thumb Code     8  __main.o(!!!main)
    __scatterload                            0x000000d5   Thumb Code     0  __scatter.o(!!!scatter)
    __scatterload_rt2                        0x000000d5   Thumb Code    44  __scatter.o(!!!scatter)
    __scatterload_rt2_thumb_only             0x000000d5   Thumb Code     0  __scatter.o(!!!scatter)
    __scatterload_null                       0x000000e3   Thumb Code     0  __scatter.o(!!!scatter)
    __decompress                             0x00000109   Thumb Code    90  __dczerorl2.o(!!dczerorl2)
    __decompress1                            0x00000109   Thumb Code     0  __dczerorl2.o(!!dczerorl2)
    __scatterload_zeroinit                   0x00000165   Thumb Code    28  __scatter_zi.o(!!handler_zi)
    _printf_d                                0x00000181   Thumb Code     0  _printf_d.o(.ARM.Collect$$_printf_percent$$00000009)
    _printf_percent                          0x00000181   Thumb Code     0  _printf_percent.o(.ARM.Collect$$_printf_percent$$00000000)
    _printf_percent_end                      0x00000187   Thumb Code     0  _printf_percent_end.o(.ARM.Collect$$_printf_percent$$00000017)
    __rt_lib_init                            0x0000018b   Thumb Code     0  libinit.o(.ARM.Collect$$libinit$$00000000)
    __rt_lib_init_alloca_1                   0x0000018d   Thumb Code     0  libinit2.o(.ARM.Collect$$libinit$$0000002E)
    __rt_lib_init_argv_1                     0x0000018d   Thumb Code     0  libinit2.o(.ARM.Collect$$libinit$$0000002C)
    __rt_lib_init_atexit_1                   0x0000018d   Thumb Code     0  libinit2.o(.ARM.Collect$$libinit$$0000001B)
    __rt_lib_init_clock_1                    0x0000018d   Thumb Code     0  libinit2.o(.ARM.Collect$$libinit$$00000021)
    __rt_lib_init_cpp_1                      0x0000018d   Thumb Code     0  libinit2.o(.ARM.Collect$$libinit$$00000032)
    __rt_lib_init_exceptions_1               0x0000018d   Thumb Code     0  libinit2.o(.ARM.Collect$$libinit$$00000030)
    __rt_lib_init_fp_1                       0x0000018d   Thumb Code     0  libinit2.o(.ARM.Collect$$libinit$$00000002)
    __rt_lib_init_fp_trap_1                  0x0000018d   Thumb Code     0  libinit2.o(.ARM.Collect$$libinit$$0000001F)
    __rt_lib_init_getenv_1                   0x0000018d   Thumb Code     0  libinit2.o(.ARM.Collect$$libinit$$00000023)
    __rt_lib_init_heap_1                     0x0000018d   Thumb Code     0  libinit2.o(.ARM.Collect$$libinit$$0000000A)
    __rt_lib_init_lc_collate_1               0x0000018d   Thumb Code     0  libinit2.o(.ARM.Collect$$libinit$$00000011)
    __rt_lib_init_lc_ctype_1                 0x0000018d   Thumb Code     0  libinit2.o(.ARM.Collect$$libinit$$00000013)
    __rt_lib_init_lc_monetary_1              0x0000018d   Thumb Code     0  libinit2.o(.ARM.Collect$$libinit$$00000015)
    __rt_lib_init_lc_numeric_1               0x0000018d   Thumb Code     0  libinit2.o(.ARM.Collect$$libinit$$00000017)
    __rt_lib_init_lc_time_1                  0x0000018d   Thumb Code     0  libinit2.o(.ARM.Collect$$libinit$$00000019)
    __rt_lib_init_preinit_1                  0x0000018d   Thumb Code     0  libinit2.o(.ARM.Collect$$libinit$$00000004)
    __rt_lib_init_rand_1                     0x0000018d   Thumb Code     0  libinit2.o(.ARM.Collect$$libinit$$0000000E)
    __rt_lib_init_return                     0x0000018d   Thumb Code     0  libinit2.o(.ARM.Collect$$libinit$$00000033)
    __rt_lib_init_signal_1                   0x0000018d   Thumb Code     0  libinit2.o(.ARM.Collect$$libinit$$0000001D)
    __rt_lib_init_stdio_1                    0x0000018d   Thumb Code     0  libinit2.o(.ARM.Collect$$libinit$$00000025)
    __rt_lib_init_user_alloc_1               0x0000018d   Thumb Code     0  libinit2.o(.ARM.Collect$$libinit$$0000000C)
    __rt_lib_shutdown                        0x0000018f   Thumb Code     0  libshutdown.o(.ARM.Collect$$libshutdown$$00000000)
    __rt_lib_shutdown_cpp_1                  0x00000191   Thumb Code     0  libshutdown2.o(.ARM.Collect$$libshutdown$$00000004)
    __rt_lib_shutdown_fini_1                 0x00000191   Thumb Code     0  libshutdown2.o(.ARM.Collect$$libshutdown$$00000002)
    __rt_lib_shutdown_fp_trap_1              0x00000191   Thumb Code     0  libshutdown2.o(.ARM.Collect$$libshutdown$$00000009)
    __rt_lib_shutdown_heap_1                 0x00000191   Thumb Code     0  libshutdown2.o(.ARM.Collect$$libshutdown$$00000011)
    __rt_lib_shutdown_return                 0x00000191   Thumb Code     0  libshutdown2.o(.ARM.Collect$$libshutdown$$00000012)
    __rt_lib_shutdown_signal_1               0x00000191   Thumb Code     0  libshutdown2.o(.ARM.Collect$$libshutdown$$0000000C)
    __rt_lib_shutdown_stdio_1                0x00000191   Thumb Code     0  libshutdown2.o(.ARM.Collect$$libshutdown$$00000006)
    __rt_lib_shutdown_user_alloc_1           0x00000191   Thumb Code     0  libshutdown2.o(.ARM.Collect$$libshutdown$$0000000E)
    __rt_entry                               0x00000193   Thumb Code     0  __rtentry.o(.ARM.Collect$$rtentry$$00000000)
    __rt_entry_presh_1                       0x00000193   Thumb Code     0  __rtentry2.o(.ARM.Collect$$rtentry$$00000002)
    __rt_entry_sh                            0x00000193   Thumb Code     0  __rtentry4.o(.ARM.Collect$$rtentry$$00000004)
    __rt_entry_li                            0x00000199   Thumb Code     0  __rtentry2.o(.ARM.Collect$$rtentry$$0000000A)
    __rt_entry_postsh_1                      0x00000199   Thumb Code     0  __rtentry2.o(.ARM.Collect$$rtentry$$00000009)
    __rt_entry_main                          0x0000019d   Thumb Code     0  __rtentry2.o(.ARM.Collect$$rtentry$$0000000D)
    __rt_entry_postli_1                      0x0000019d   Thumb Code     0  __rtentry2.o(.ARM.Collect$$rtentry$$0000000C)
    __rt_exit                                0x000001a5   Thumb Code     0  rtexit.o(.ARM.Collect$$rtexit$$00000000)
    __rt_exit_ls                             0x000001a7   Thumb Code     0  rtexit2.o(.ARM.Collect$$rtexit$$00000003)
    __rt_exit_prels_1                        0x000001a7   Thumb Code     0  rtexit2.o(.ARM.Collect$$rtexit$$00000002)
    __rt_exit_exit                           0x000001ab   Thumb Code     0  rtexit2.o(.ARM.Collect$$rtexit$$00000004)
    Reset_Handler                            0x000001b1   Thumb Code     4  startup_lpc17xx.o(.text)
    NMI_Handler                              0x000001b5   Thumb Code     2  startup_lpc17xx.o(.text)
    HardFault_Handler                        0x000001b7   Thumb Code     2  startup_lpc17xx.o(.text)
    MemManage_Handler                        0x000001b9   Thumb Code     2  startup_lpc17xx.o(.text)
    BusFault_Handler                         0x000001bb   Thumb Code     2  startup_lpc17xx.o(.text)
    UsageFault_Handler                       0x000001bd   Thumb Code     2  startup_lpc17xx.o(.text)
    SVC_Handler                              0x000001bf   Thumb Code     2  startup_lpc17xx.o(.text)
    DebugMon_Handler                         0x000001c1   Thumb Code     2  startup_lpc17xx.o(.text)
    PendSV_Handler                           0x000001c3   Thumb Code     2  startup_lpc17xx.o(.text)
    SysTick_Handler                          0x000001c5   Thumb Code     2  startup_lpc17xx.o(.text)
    BOD_IRQHandler                           0x000001c7   Thumb Code     0  startup_lpc17xx.o(.text)
    CANActivity_IRQHandler                   0x000001c7   Thumb Code     0  startup_lpc17xx.o(.text)
    CAN_IRQHandler                           0x000001c7   Thumb Code     0  startup_lpc17xx.o(.text)
    DMA_IRQHandler                           0x000001c7   Thumb Code     0  startup_lpc17xx.o(.text)
    EINT3_IRQHandler                         0x000001c7   Thumb Code     0  startup_lpc17xx.o(.text)
    ENET_IRQHandler                          0x000001c7   Thumb Code     0  startup_lpc17xx.o(.text)
    I2C0_IRQHandler                          0x000001c7   Thumb Code     0  startup_lpc17xx.o(.text)
    I2C1_IRQHandler                          0x000001c7   Thumb Code     0  startup_lpc17xx.o(.text)
    I2C2_IRQHandler                          0x000001c7   Thumb Code     0  startup_lpc17xx.o(.text)
    I2S_IRQHandler                           0x000001c7   Thumb Code     0  startup_lpc17xx.o(.text)
    MCPWM_IRQHandler                         0x000001c7   Thumb Code     0  startup_lpc17xx.o(.text)
    PLL0_IRQHandler                          0x000001c7   Thumb Code     0  startup_lpc17xx.o(.text)
    PLL1_IRQHandler                          0x000001c7   Thumb Code     0  startup_lpc17xx.o(.text)
    PWM1_IRQHandler                          0x000001c7   Thumb Code     0  startup_lpc17xx.o(.text)
    QEI_IRQHandler                           0x000001c7   Thumb Code     0  startup_lpc17xx.o(.text)
    RTC_IRQHandler                           0x000001c7   Thumb Code     0  startup_lpc17xx.o(.text)
    SPI_IRQHandler                           0x000001c7   Thumb Code     0  startup_lpc17xx.o(.text)
    SSP0_IRQHandler                          0x000001c7   Thumb Code     0  startup_lpc17xx.o(.text)
    SSP1_IRQHandler                          0x000001c7   Thumb Code     0  startup_lpc17xx.o(.text)
    UART0_IRQHandler                         0x000001c7   Thumb Code     0  startup_lpc17xx.o(.text)
    UART1_IRQHandler                         0x000001c7   Thumb Code     0  startup_lpc17xx.o(.text)
    UART2_IRQHandler                         0x000001c7   Thumb Code     0  startup_lpc17xx.o(.text)
    UART3_IRQHandler                         0x000001c7   Thumb Code     0  startup_lpc17xx.o(.text)
    USBActivity_IRQHandler                   0x000001c7   Thumb Code     0  startup_lpc17xx.o(.text)
    USB_IRQHandler                           0x000001c7   Thumb Code     0  startup_lpc17xx.o(.text)
    WDT_IRQHandler                           0x000001c7   Thumb Code     0  startup_lpc17xx.o(.text)
    __user_initial_stackheap                 0x000001c9   Thumb Code     0  startup_lpc17xx.o(.text)
    __2sprintf                               0x000001e5   Thumb Code    34  noretval__2sprintf.o(.text)
    _printf_pre_padding                      0x0000020d   Thumb Code    44  _printf_pad.o(.text)
    _printf_post_padding                     0x00000239   Thumb Code    34  _printf_pad.o(.text)
    _printf_int_dec                          0x0000025d   Thumb Code   104  _printf_dec.o(.text)
    __use_two_region_memory                  0x000002d5   Thumb Code     2  heapauxi.o(.text)
    __rt_heap_escrow$2region                 0x000002d7   Thumb Code     2  heapauxi.o(.text)
    __rt_heap_expand$2region                 0x000002d9   Thumb Code     2  heapauxi.o(.text)
    _sputc                                   0x000002db   Thumb Code    10  _sputc.o(.text)
    exit                                     0x000002e5   Thumb Code    18  exit.o(.text)
    __I$use$semihosting                      0x000002f7   Thumb Code     0  use_no_semi.o(.text)
    __use_no_semihosting_swi                 0x000002f7   Thumb Code     2  use_no_semi.o(.text)
    __I$use$fp                               0x000002f8   Number         0  usenofp.o(x$fpl$usenofp)
    __semihosting_library_function           0x000002f9   Thumb Code     0  indicate_semi.o(.text)
    __printf                                 0x00000301   Thumb Code   308  __printf_flags_wp.o(.text)
    __aeabi_memcpy                           0x00000439   Thumb Code     0  rt_memcpy_v6.o(.text)
    __rt_memcpy                              0x00000439   Thumb Code   138  rt_memcpy_v6.o(.text)
    _memcpy_lastbytes                        0x0000049f   Thumb Code     0  rt_memcpy_v6.o(.text)
    __aeabi_memclr4                          0x000004c3   Thumb Code     0  rt_memclr_w.o(.text)
    __aeabi_memclr8                          0x000004c3   Thumb Code     0  rt_memclr_w.o(.text)
    __rt_memclr_w                            0x000004c3   Thumb Code    78  rt_memclr_w.o(.text)
    _memset_w                                0x000004c7   Thumb Code     0  rt_memclr_w.o(.text)
    _printf_int_common                       0x00000511   Thumb Code   178  _printf_intcommon.o(.text)
    _printf_char_common                      0x000005cf   Thumb Code    32  _printf_char_common.o(.text)
    __aeabi_memcpy4                          0x000005f5   Thumb Code     0  rt_memcpy_w.o(.text)
    __aeabi_memcpy8                          0x000005f5   Thumb Code     0  rt_memcpy_w.o(.text)
    __rt_memcpy_w                            0x000005f5   Thumb Code   100  rt_memcpy_w.o(.text)
    _memcpy_lastbytes_aligned                0x0000063d   Thumb Code     0  rt_memcpy_w.o(.text)
    __user_setup_stackheap                   0x00000659   Thumb Code    74  sys_stackheap_outer.o(.text)
    __user_libspace                          0x000006a5   Thumb Code     8  libspace.o(.text)
    __user_perproc_libspace                  0x000006a5   Thumb Code     0  libspace.o(.text)
    __user_perthread_libspace                0x000006a5   Thumb Code     0  libspace.o(.text)
    _sys_exit                                0x000006ad   Thumb Code     8  sys_exit.o(.text)
    ADC_IRQHandler                           0x000006b9   Thumb Code   154  irq_adc.o(i.ADC_IRQHandler)
    ADC_init                                 0x0000076d   Thumb Code    76  lib_adc.o(i.ADC_init)
    ADC_start_conversion                     0x000007c9   Thumb Code    14  lib_adc.o(i.ADC_start_conversion)
    DeleteCross                              0x00000885   Thumb Code   332  touchpanel.o(i.DeleteCross)
    DrawCross                                0x000009d1   Thumb Code   356  touchpanel.o(i.DrawCross)
    EINT0_IRQHandler                         0x00000b35   Thumb Code    16  irq_button.o(i.EINT0_IRQHandler)
    EINT1_IRQHandler                         0x00000b4d   Thumb Code    36  irq_button.o(i.EINT1_IRQHandler)
    EINT2_IRQHandler                         0x00000b7d   Thumb Code    36  irq_button.o(i.EINT2_IRQHandler)
    GUI_Text                                 0x00000bad   Thumb Code    80  glcd.o(i.GUI_Text)
    GetASCIICode                             0x00000bfd   Thumb Code    26  asciilib.o(i.GetASCIICode)
    LCD_Clear                                0x00000c1d   Thumb Code  1514  glcd.o(i.LCD_Clear)
    LCD_DrawLine                             0x00001225   Thumb Code   250  glcd.o(i.LCD_DrawLine)
    LCD_Initialization                       0x00001321   Thumb Code 12020  glcd.o(i.LCD_Initialization)
    LCD_SetPoint                             0x00004769   Thumb Code   206  glcd.o(i.LCD_SetPoint)
    LPC17xx_SPI_SetSpeed                     0x0000483d   Thumb Code    16  touchpanel.o(i.LPC17xx_SPI_SetSpeed)
    PutChar                                  0x00004851   Thumb Code   100  glcd.o(i.PutChar)
    RIT_IRQHandler                           0x000048e1   Thumb Code   590  irq_rit.o(i.RIT_IRQHandler)
    Read_Ads7846                             0x00004b85   Thumb Code   502  touchpanel.o(i.Read_Ads7846)
    Read_X                                   0x00004d85   Thumb Code    42  touchpanel.o(i.Read_X)
    Read_Y                                   0x00004db5   Thumb Code    42  touchpanel.o(i.Read_Y)
    SystemInit                               0x00004de5   Thumb Code   526  system_lpc17xx.o(i.SystemInit)
    TIMER0_IRQHandler                        0x00005011   Thumb Code   246  irq_timer.o(i.TIMER0_IRQHandler)
    TIMER1_IRQHandler                        0x00005129   Thumb Code   170  irq_timer.o(i.TIMER1_IRQHandler)
    TIMER2_IRQHandler                        0x000051f5   Thumb Code    82  irq_timer.o(i.TIMER2_IRQHandler)
    TIMER3_IRQHandler                        0x00005261   Thumb Code    30  irq_timer.o(i.TIMER3_IRQHandler)
    TP_GetAdXY                               0x00005291   Thumb Code    34  touchpanel.o(i.TP_GetAdXY)
    TP_Init                                  0x000052b5   Thumb Code    30  touchpanel.o(i.TP_Init)
    TouchPanel_Calibrate                     0x000052d9   Thumb Code   120  touchpanel.o(i.TouchPanel_Calibrate)
    _is_digit                                0x0000542d   Thumb Code    14  __printf_wp.o(i._is_digit)
    disable_RIT                              0x00005459   Thumb Code    14  lib_rit.o(i.disable_RIT)
    disable_timer                            0x0000546d   Thumb Code    44  lib_timer.o(i.disable_timer)
    draw_batteries                           0x000054a5   Thumb Code   254  sample.o(i.draw_batteries)
    draw_beverage                            0x000055a3   Thumb Code   294  sample.o(i.draw_beverage)
    draw_box                                 0x000056c9   Thumb Code   194  sample.o(i.draw_box)
    draw_fixed                               0x0000578d   Thumb Code   234  sample.o(i.draw_fixed)
    draw_levels                              0x000058d9   Thumb Code    82  sample.o(i.draw_levels)
    draw_meal                                0x0000592b   Thumb Code   314  sample.o(i.draw_meal)
    draw_volume                              0x00005a65   Thumb Code   134  sample.o(i.draw_volume)
    enable_RIT                               0x00005af1   Thumb Code    14  lib_rit.o(i.enable_RIT)
    enable_timer                             0x00005b05   Thumb Code    44  lib_timer.o(i.enable_timer)
    game_over                                0x00005b3d   Thumb Code   270  sample.o(i.game_over)
    getDisplayPoint                          0x00005cad   Thumb Code   250  touchpanel.o(i.getDisplayPoint)
    init_RIT                                 0x00005da9   Thumb Code    98  lib_rit.o(i.init_RIT)
    init_timer                               0x00005e19   Thumb Code   540  lib_timer.o(i.init_timer)
    joystick_init                            0x00006041   Thumb Code    50  lib_joystick.o(i.joystick_init)
    main                                     0x0000607d   Thumb Code   150  sample.o(i.main)
    rect                                     0x00006129   Thumb Code    80  sample.o(i.rect)
    red_0                                    0x00006179   Thumb Code   752  sample.o(i.red_0)
    red_1                                    0x0000646d   Thumb Code   752  sample.o(i.red_1)
    reset_timer                              0x00006761   Thumb Code    62  lib_timer.o(i.reset_timer)
    setCalibrationMatrix                     0x000067ad   Thumb Code   356  touchpanel.o(i.setCalibrationMatrix)
    square                                   0x00006911   Thumb Code    40  sample.o(i.square)
    tam_running                              0x00006939   Thumb Code   134  sample.o(i.tam_running)
    thick_line                               0x000069d1   Thumb Code   116  sample.o(i.thick_line)
    __aeabi_dadd                             0x00006a51   Thumb Code     0  daddsub_clz.o(x$fpl$dadd)
    _dadd                                    0x00006a51   Thumb Code   332  daddsub_clz.o(x$fpl$dadd)
    __fpl_dcmp_Inf                           0x00006ba1   Thumb Code    24  dcmpi.o(x$fpl$dcmpinf)
    __aeabi_ddiv                             0x00006bb9   Thumb Code     0  ddiv.o(x$fpl$ddiv)
    _ddiv                                    0x00006bb9   Thumb Code   552  ddiv.o(x$fpl$ddiv)
    __aeabi_cdcmpeq                          0x00006e69   Thumb Code     0  deqf.o(x$fpl$deqf)
    _dcmpeq                                  0x00006e69   Thumb Code   120  deqf.o(x$fpl$deqf)
    __aeabi_d2uiz                            0x00006ee1   Thumb Code     0  dfixu.o(x$fpl$dfixu)
    _dfixu                                   0x00006ee1   Thumb Code    90  dfixu.o(x$fpl$dfixu)
    __aeabi_i2d                              0x00006f3b   Thumb Code     0  dflt_clz.o(x$fpl$dflt)
    _dflt                                    0x00006f3b   Thumb Code    46  dflt_clz.o(x$fpl$dflt)
    __aeabi_ui2d                             0x00006f69   Thumb Code     0  dflt_clz.o(x$fpl$dfltu)
    _dfltu                                   0x00006f69   Thumb Code    38  dflt_clz.o(x$fpl$dfltu)
    __aeabi_dmul                             0x00006f91   Thumb Code     0  dmul.o(x$fpl$dmul)
    _dmul                                    0x00006f91   Thumb Code   332  dmul.o(x$fpl$dmul)
    __fpl_dnaninf                            0x000070e5   Thumb Code   156  dnaninf.o(x$fpl$dnaninf)
    __fpl_dretinf                            0x00007181   Thumb Code    12  dretinf.o(x$fpl$dretinf)
    __aeabi_dsub                             0x0000718d   Thumb Code     0  daddsub_clz.o(x$fpl$dsub)
    _dsub                                    0x0000718d   Thumb Code   464  daddsub_clz.o(x$fpl$dsub)
    freqs                                    0x00007360   Data          32  irq_rit.o(.constdata)
    Region$$Table$$Base                      0x00007984   Number         0  anon$$obj.o(Region$$Table)
    Region$$Table$$Limit                     0x000079b4   Number         0  anon$$obj.o(Region$$Table)
    color                                    0x2007c000   Data           4  sample.o(.data)
    volume                                   0x2007c004   Data           4  sample.o(.data)
    var_color                                0x2007c008   Data           2  sample.o(.data)
    SystemFrequency                          0x2007c00c   Data           4  system_lpc17xx.o(.data)
    refresh                                  0x2007c010   Data           4  irq_rit.o(.data)
    flag_tam                                 0x2007c014   Data           4  irq_rit.o(.data)
    flag_box                                 0x2007c018   Data           4  irq_rit.o(.data)
    flag_sel                                 0x2007c01c   Data           4  irq_rit.o(.data)
    flag_over                                0x2007c020   Data           4  irq_rit.o(.data)
    flag_eat                                 0x2007c024   Data           4  irq_rit.o(.data)
    flag_cuddle                              0x2007c028   Data           4  irq_rit.o(.data)
    var_cuddle                               0x2007c02c   Data           4  irq_rit.o(.data)
    happiness                                0x2007c030   Data           4  irq_rit.o(.data)
    satiety                                  0x2007c034   Data           4  irq_rit.o(.data)
    hour                                     0x2007c038   Data           4  irq_rit.o(.data)
    min                                      0x2007c03c   Data           4  irq_rit.o(.data)
    sec                                      0x2007c040   Data           4  irq_rit.o(.data)
    x0                                       0x2007c044   Data           4  irq_rit.o(.data)
    my_freq                                  0x2007c048   Data           4  irq_rit.o(.data)
    second_note                              0x2007c04c   Data           4  irq_timer.o(.data)
    five_sec                                 0x2007c050   Data           4  irq_timer.o(.data)
    ticks                                    0x2007c054   Data           4  irq_timer.o(.data)
    cnt                                      0x2007c058   Data           4  irq_timer.o(.data)
    SinTable                                 0x2007c05c   Data          90  irq_timer.o(.data)
    mySinTable                               0x2007c0b6   Data          90  irq_timer.o(.data)
    display                                  0x2007c112   Data           4  touchpanel.o(.data)
    DisplaySample                            0x2007c116   Data          12  touchpanel.o(.data)
    AD_current                               0x2007c126   Data           2  irq_adc.o(.data)
    AD_last                                  0x2007c128   Data           2  irq_adc.o(.data)
    age_string                               0x2007c12c   Data          50  irq_rit.o(.bss)
    matrix                                   0x2007c160   Data          56  touchpanel.o(.bss)
    ScreenSample                             0x2007c198   Data          12  touchpanel.o(.bss)
    __libspace_start                         0x2007c1a4   Data          96  libspace.o(.bss)
    __temporary_stack_top$libspace           0x2007c204   Data           0  libspace.o(.bss)



==============================================================================

Memory Map of the image

  Image Entry point : 0x000000cd

  Load Region LR_IROM1 (Base: 0x00000000, Size: 0x00007ae0, Max: 0x00080000, ABSOLUTE, COMPRESSED[0x00007a2c])

    Execution Region ER_IROM1 (Exec base: 0x00000000, Load base: 0x00000000, Size: 0x000079b4, Max: 0x00080000, ABSOLUTE)

    Exec Addr    Load Addr    Size         Type   Attr      Idx    E Section Name        Object

    0x00000000   0x00000000   0x000000cc   Data   RO            3    RESET               startup_lpc17xx.o
    0x000000cc   0x000000cc   0x00000008   Code   RO          986  * !!!main             c_w.l(__main.o)
    0x000000d4   0x000000d4   0x00000034   Code   RO         1189    !!!scatter          c_w.l(__scatter.o)
    0x00000108   0x00000108   0x0000005a   Code   RO         1187    !!dczerorl2         c_w.l(__dczerorl2.o)
    0x00000162   0x00000162   0x00000002   PAD
    0x00000164   0x00000164   0x0000001c   Code   RO         1191    !!handler_zi        c_w.l(__scatter_zi.o)
    0x00000180   0x00000180   0x00000000   Code   RO          979    .ARM.Collect$$_printf_percent$$00000000  c_w.l(_printf_percent.o)
    0x00000180   0x00000180   0x00000006   Code   RO          978    .ARM.Collect$$_printf_percent$$00000009  c_w.l(_printf_d.o)
    0x00000186   0x00000186   0x00000004   Code   RO         1019    .ARM.Collect$$_printf_percent$$00000017  c_w.l(_printf_percent_end.o)
    0x0000018a   0x0000018a   0x00000002   Code   RO         1055    .ARM.Collect$$libinit$$00000000  c_w.l(libinit.o)
    0x0000018c   0x0000018c   0x00000000   Code   RO         1062    .ARM.Collect$$libinit$$00000002  c_w.l(libinit2.o)
    0x0000018c   0x0000018c   0x00000000   Code   RO         1064    .ARM.Collect$$libinit$$00000004  c_w.l(libinit2.o)
    0x0000018c   0x0000018c   0x00000000   Code   RO         1067    .ARM.Collect$$libinit$$0000000A  c_w.l(libinit2.o)
    0x0000018c   0x0000018c   0x00000000   Code   RO         1069    .ARM.Collect$$libinit$$0000000C  c_w.l(libinit2.o)
    0x0000018c   0x0000018c   0x00000000   Code   RO         1071    .ARM.Collect$$libinit$$0000000E  c_w.l(libinit2.o)
    0x0000018c   0x0000018c   0x00000000   Code   RO         1074    .ARM.Collect$$libinit$$00000011  c_w.l(libinit2.o)
    0x0000018c   0x0000018c   0x00000000   Code   RO         1076    .ARM.Collect$$libinit$$00000013  c_w.l(libinit2.o)
    0x0000018c   0x0000018c   0x00000000   Code   RO         1078    .ARM.Collect$$libinit$$00000015  c_w.l(libinit2.o)
    0x0000018c   0x0000018c   0x00000000   Code   RO         1080    .ARM.Collect$$libinit$$00000017  c_w.l(libinit2.o)
    0x0000018c   0x0000018c   0x00000000   Code   RO         1082    .ARM.Collect$$libinit$$00000019  c_w.l(libinit2.o)
    0x0000018c   0x0000018c   0x00000000   Code   RO         1084    .ARM.Collect$$libinit$$0000001B  c_w.l(libinit2.o)
    0x0000018c   0x0000018c   0x00000000   Code   RO         1086    .ARM.Collect$$libinit$$0000001D  c_w.l(libinit2.o)
    0x0000018c   0x0000018c   0x00000000   Code   RO         1088    .ARM.Collect$$libinit$$0000001F  c_w.l(libinit2.o)
    0x0000018c   0x0000018c   0x00000000   Code   RO         1090    .ARM.Collect$$libinit$$00000021  c_w.l(libinit2.o)
    0x0000018c   0x0000018c   0x00000000   Code   RO         1092    .ARM.Collect$$libinit$$00000023  c_w.l(libinit2.o)
    0x0000018c   0x0000018c   0x00000000   Code   RO         1094    .ARM.Collect$$libinit$$00000025  c_w.l(libinit2.o)
    0x0000018c   0x0000018c   0x00000000   Code   RO         1098    .ARM.Collect$$libinit$$0000002C  c_w.l(libinit2.o)
    0x0000018c   0x0000018c   0x00000000   Code   RO         1100    .ARM.Collect$$libinit$$0000002E  c_w.l(libinit2.o)
    0x0000018c   0x0000018c   0x00000000   Code   RO         1102    .ARM.Collect$$libinit$$00000030  c_w.l(libinit2.o)
    0x0000018c   0x0000018c   0x00000000   Code   RO         1104    .ARM.Collect$$libinit$$00000032  c_w.l(libinit2.o)
    0x0000018c   0x0000018c   0x00000002   Code   RO         1105    .ARM.Collect$$libinit$$00000033  c_w.l(libinit2.o)
    0x0000018e   0x0000018e   0x00000002   Code   RO         1125    .ARM.Collect$$libshutdown$$00000000  c_w.l(libshutdown.o)
    0x00000190   0x00000190   0x00000000   Code   RO         1138    .ARM.Collect$$libshutdown$$00000002  c_w.l(libshutdown2.o)
    0x00000190   0x00000190   0x00000000   Code   RO         1140    .ARM.Collect$$libshutdown$$00000004  c_w.l(libshutdown2.o)
    0x00000190   0x00000190   0x00000000   Code   RO         1142    .ARM.Collect$$libshutdown$$00000006  c_w.l(libshutdown2.o)
    0x00000190   0x00000190   0x00000000   Code   RO         1145    .ARM.Collect$$libshutdown$$00000009  c_w.l(libshutdown2.o)
    0x00000190   0x00000190   0x00000000   Code   RO         1148    .ARM.Collect$$libshutdown$$0000000C  c_w.l(libshutdown2.o)
    0x00000190   0x00000190   0x00000000   Code   RO         1150    .ARM.Collect$$libshutdown$$0000000E  c_w.l(libshutdown2.o)
    0x00000190   0x00000190   0x00000000   Code   RO         1153    .ARM.Collect$$libshutdown$$00000011  c_w.l(libshutdown2.o)
    0x00000190   0x00000190   0x00000002   Code   RO         1154    .ARM.Collect$$libshutdown$$00000012  c_w.l(libshutdown2.o)
    0x00000192   0x00000192   0x00000000   Code   RO         1012    .ARM.Collect$$rtentry$$00000000  c_w.l(__rtentry.o)
    0x00000192   0x00000192   0x00000000   Code   RO         1030    .ARM.Collect$$rtentry$$00000002  c_w.l(__rtentry2.o)
    0x00000192   0x00000192   0x00000006   Code   RO         1042    .ARM.Collect$$rtentry$$00000004  c_w.l(__rtentry4.o)
    0x00000198   0x00000198   0x00000000   Code   RO         1032    .ARM.Collect$$rtentry$$00000009  c_w.l(__rtentry2.o)
    0x00000198   0x00000198   0x00000004   Code   RO         1033    .ARM.Collect$$rtentry$$0000000A  c_w.l(__rtentry2.o)
    0x0000019c   0x0000019c   0x00000000   Code   RO         1035    .ARM.Collect$$rtentry$$0000000C  c_w.l(__rtentry2.o)
    0x0000019c   0x0000019c   0x00000008   Code   RO         1036    .ARM.Collect$$rtentry$$0000000D  c_w.l(__rtentry2.o)
    0x000001a4   0x000001a4   0x00000002   Code   RO         1059    .ARM.Collect$$rtexit$$00000000  c_w.l(rtexit.o)
    0x000001a6   0x000001a6   0x00000000   Code   RO         1107    .ARM.Collect$$rtexit$$00000002  c_w.l(rtexit2.o)
    0x000001a6   0x000001a6   0x00000004   Code   RO         1108    .ARM.Collect$$rtexit$$00000003  c_w.l(rtexit2.o)
    0x000001aa   0x000001aa   0x00000006   Code   RO         1109    .ARM.Collect$$rtexit$$00000004  c_w.l(rtexit2.o)
    0x000001b0   0x000001b0   0x00000034   Code   RO            5    .text               startup_lpc17xx.o
    0x000001e4   0x000001e4   0x00000028   Code   RO          950    .text               c_w.l(noretval__2sprintf.o)
    0x0000020c   0x0000020c   0x0000004e   Code   RO          954    .text               c_w.l(_printf_pad.o)
    0x0000025a   0x0000025a   0x00000002   PAD
    0x0000025c   0x0000025c   0x00000078   Code   RO          956    .text               c_w.l(_printf_dec.o)
    0x000002d4   0x000002d4   0x00000006   Code   RO          984    .text               c_w.l(heapauxi.o)
    0x000002da   0x000002da   0x0000000a   Code   RO         1017    .text               c_w.l(_sputc.o)
    0x000002e4   0x000002e4   0x00000012   Code   RO         1048    .text               c_w.l(exit.o)
    0x000002f6   0x000002f6   0x00000002   Code   RO         1128    .text               c_w.l(use_no_semi.o)
    0x000002f8   0x000002f8   0x00000000   Code   RO         1130    .text               c_w.l(indicate_semi.o)
    0x000002f8   0x000002f8   0x00000000   Code   RO         1028    x$fpl$usenofp       fz_ws.l(usenofp.o)
    0x000002f8   0x000002f8   0x00000004   PAD
    0x000002fc   0x000002fc   0x00000004   Code   RO            4    .ARM.__at_0x02FC    startup_lpc17xx.o
    0x00000300   0x00000300   0x00000138   Code   RO          970    .text               c_w.l(__printf_flags_wp.o)
    0x00000438   0x00000438   0x0000008a   Code   RO          980    .text               c_w.l(rt_memcpy_v6.o)
    0x000004c2   0x000004c2   0x0000004e   Code   RO          982    .text               c_w.l(rt_memclr_w.o)
    0x00000510   0x00000510   0x000000b2   Code   RO         1013    .text               c_w.l(_printf_intcommon.o)
    0x000005c2   0x000005c2   0x00000002   PAD
    0x000005c4   0x000005c4   0x00000030   Code   RO         1015    .text               c_w.l(_printf_char_common.o)
    0x000005f4   0x000005f4   0x00000064   Code   RO         1020    .text               c_w.l(rt_memcpy_w.o)
    0x00000658   0x00000658   0x0000004a   Code   RO         1046    .text               c_w.l(sys_stackheap_outer.o)
    0x000006a2   0x000006a2   0x00000002   PAD
    0x000006a4   0x000006a4   0x00000008   Code   RO         1056    .text               c_w.l(libspace.o)
    0x000006ac   0x000006ac   0x0000000c   Code   RO         1117    .text               c_w.l(sys_exit.o)
    0x000006b8   0x000006b8   0x000000b4   Code   RO          885    i.ADC_IRQHandler    irq_adc.o
    0x0000076c   0x0000076c   0x0000005c   Code   RO          916    i.ADC_init          lib_adc.o
    0x000007c8   0x000007c8   0x00000014   Code   RO          917    i.ADC_start_conversion  lib_adc.o
    0x000007dc   0x000007dc   0x0000008c   Code   RO          765    i.ADS7843_SPI_Init  touchpanel.o
    0x00000868   0x00000868   0x0000001c   Code   RO          766    i.DelayUS           touchpanel.o
    0x00000884   0x00000884   0x0000014c   Code   RO          767    i.DeleteCross       touchpanel.o
    0x000009d0   0x000009d0   0x00000164   Code   RO          768    i.DrawCross         touchpanel.o
    0x00000b34   0x00000b34   0x00000018   Code   RO          302    i.EINT0_IRQHandler  irq_button.o
    0x00000b4c   0x00000b4c   0x00000030   Code   RO          303    i.EINT1_IRQHandler  irq_button.o
    0x00000b7c   0x00000b7c   0x00000030   Code   RO          304    i.EINT2_IRQHandler  irq_button.o
    0x00000bac   0x00000bac   0x00000050   Code   RO          607    i.GUI_Text          glcd.o
    0x00000bfc   0x00000bfc   0x00000020   Code   RO          587    i.GetASCIICode      asciilib.o
    0x00000c1c   0x00000c1c   0x000005f0   Code   RO          609    i.LCD_Clear         glcd.o
    0x0000120c   0x0000120c   0x00000018   Code   RO          610    i.LCD_Configuration  glcd.o
    0x00001224   0x00001224   0x000000fa   Code   RO          611    i.LCD_DrawLine      glcd.o
    0x0000131e   0x0000131e   0x00000002   PAD
    0x00001320   0x00001320   0x00002ef8   Code   RO          613    i.LCD_Initialization  glcd.o
    0x00004218   0x00004218   0x00000550   Code   RO          614    i.LCD_SetCursor     glcd.o
    0x00004768   0x00004768   0x000000d4   Code   RO          615    i.LCD_SetPoint      glcd.o
    0x0000483c   0x0000483c   0x00000014   Code   RO          769    i.LPC17xx_SPI_SetSpeed  touchpanel.o
    0x00004850   0x00004850   0x00000064   Code   RO          616    i.PutChar           glcd.o
    0x000048b4   0x000048b4   0x0000002a   Code   RO          770    i.RD_AD             touchpanel.o
    0x000048de   0x000048de   0x00000002   PAD
    0x000048e0   0x000048e0   0x000002a4   Code   RO          388    i.RIT_IRQHandler    irq_rit.o
    0x00004b84   0x00004b84   0x00000200   Code   RO          771    i.Read_Ads7846      touchpanel.o
    0x00004d84   0x00004d84   0x00000030   Code   RO          772    i.Read_X            touchpanel.o
    0x00004db4   0x00004db4   0x00000030   Code   RO          773    i.Read_Y            touchpanel.o
    0x00004de4   0x00004de4   0x0000022c   Code   RO          188    i.SystemInit        system_lpc17xx.o
    0x00005010   0x00005010   0x00000118   Code   RO          486    i.TIMER0_IRQHandler  irq_timer.o
    0x00005128   0x00005128   0x000000cc   Code   RO          487    i.TIMER1_IRQHandler  irq_timer.o
    0x000051f4   0x000051f4   0x0000006c   Code   RO          488    i.TIMER2_IRQHandler  irq_timer.o
    0x00005260   0x00005260   0x00000030   Code   RO          489    i.TIMER3_IRQHandler  irq_timer.o
    0x00005290   0x00005290   0x00000022   Code   RO          775    i.TP_GetAdXY        touchpanel.o
    0x000052b2   0x000052b2   0x00000002   PAD
    0x000052b4   0x000052b4   0x00000024   Code   RO          776    i.TP_Init           touchpanel.o
    0x000052d8   0x000052d8   0x000000a8   Code   RO          777    i.TouchPanel_Calibrate  touchpanel.o
    0x00005380   0x00005380   0x0000003c   Code   RO          778    i.WR_CMD            touchpanel.o
    0x000053bc   0x000053bc   0x00000024   Code   RO          305    i.__NVIC_DisableIRQ  irq_button.o
    0x000053e0   0x000053e0   0x00000022   Code   RO          535    i.__NVIC_EnableIRQ  lib_timer.o
    0x00005402   0x00005402   0x00000002   PAD
    0x00005404   0x00005404   0x00000028   Code   RO          536    i.__NVIC_SetPriority  lib_timer.o
    0x0000542c   0x0000542c   0x0000000e   Code   RO          968    i._is_digit         c_w.l(__printf_wp.o)
    0x0000543a   0x0000543a   0x0000001e   Code   RO          617    i.delay_ms          glcd.o
    0x00005458   0x00005458   0x00000014   Code   RO          437    i.disable_RIT       lib_rit.o
    0x0000546c   0x0000546c   0x00000038   Code   RO          537    i.disable_timer     lib_timer.o
    0x000054a4   0x000054a4   0x000000fe   Code   RO           16    i.draw_batteries    sample.o
    0x000055a2   0x000055a2   0x00000126   Code   RO           17    i.draw_beverage     sample.o
    0x000056c8   0x000056c8   0x000000c2   Code   RO           18    i.draw_box          sample.o
    0x0000578a   0x0000578a   0x00000002   PAD
    0x0000578c   0x0000578c   0x0000014c   Code   RO           19    i.draw_fixed        sample.o
    0x000058d8   0x000058d8   0x00000052   Code   RO           20    i.draw_levels       sample.o
    0x0000592a   0x0000592a   0x0000013a   Code   RO           21    i.draw_meal         sample.o
    0x00005a64   0x00005a64   0x0000008c   Code   RO           22    i.draw_volume       sample.o
    0x00005af0   0x00005af0   0x00000014   Code   RO          438    i.enable_RIT        lib_rit.o
    0x00005b04   0x00005b04   0x00000038   Code   RO          538    i.enable_timer      lib_timer.o
    0x00005b3c   0x00005b3c   0x00000170   Code   RO           23    i.game_over         sample.o
    0x00005cac   0x00005cac   0x000000fa   Code   RO          779    i.getDisplayPoint   touchpanel.o
    0x00005da6   0x00005da6   0x00000002   PAD
    0x00005da8   0x00005da8   0x00000070   Code   RO          439    i.init_RIT          lib_rit.o
    0x00005e18   0x00005e18   0x00000228   Code   RO          539    i.init_timer        lib_timer.o
    0x00006040   0x00006040   0x0000003c   Code   RO          741    i.joystick_init     lib_joystick.o
    0x0000607c   0x0000607c   0x000000ac   Code   RO           24    i.main              sample.o
    0x00006128   0x00006128   0x00000050   Code   RO           25    i.rect              sample.o
    0x00006178   0x00006178   0x000002f4   Code   RO           26    i.red_0             sample.o
    0x0000646c   0x0000646c   0x000002f4   Code   RO           27    i.red_1             sample.o
    0x00006760   0x00006760   0x0000004c   Code   RO          540    i.reset_timer       lib_timer.o
    0x000067ac   0x000067ac   0x00000164   Code   RO          780    i.setCalibrationMatrix  touchpanel.o
    0x00006910   0x00006910   0x00000028   Code   RO           28    i.square            sample.o
    0x00006938   0x00006938   0x00000098   Code   RO           29    i.tam_running       sample.o
    0x000069d0   0x000069d0   0x00000074   Code   RO           30    i.thick_line        sample.o
    0x00006a44   0x00006a44   0x0000000c   Code   RO          618    i.wait_delay        glcd.o
    0x00006a50   0x00006a50   0x00000150   Code   RO          988    x$fpl$dadd          fz_ws.l(daddsub_clz.o)
    0x00006ba0   0x00006ba0   0x00000018   Code   RO         1022    x$fpl$dcmpinf       fz_ws.l(dcmpi.o)
    0x00006bb8   0x00006bb8   0x000002b0   Code   RO          995    x$fpl$ddiv          fz_ws.l(ddiv.o)
    0x00006e68   0x00006e68   0x00000078   Code   RO          998    x$fpl$deqf          fz_ws.l(deqf.o)
    0x00006ee0   0x00006ee0   0x0000005a   Code   RO         1000    x$fpl$dfixu         fz_ws.l(dfixu.o)
    0x00006f3a   0x00006f3a   0x0000002e   Code   RO         1005    x$fpl$dflt          fz_ws.l(dflt_clz.o)
    0x00006f68   0x00006f68   0x00000026   Code   RO         1004    x$fpl$dfltu         fz_ws.l(dflt_clz.o)
    0x00006f8e   0x00006f8e   0x00000002   PAD
    0x00006f90   0x00006f90   0x00000154   Code   RO         1010    x$fpl$dmul          fz_ws.l(dmul.o)
    0x000070e4   0x000070e4   0x0000009c   Code   RO         1024    x$fpl$dnaninf       fz_ws.l(dnaninf.o)
    0x00007180   0x00007180   0x0000000c   Code   RO         1026    x$fpl$dretinf       fz_ws.l(dretinf.o)
    0x0000718c   0x0000718c   0x000001d4   Code   RO          990    x$fpl$dsub          fz_ws.l(daddsub_clz.o)
    0x00007360   0x00007360   0x00000020   Data   RO          390    .constdata          irq_rit.o
    0x00007380   0x00007380   0x000005f0   Data   RO          588    .constdata          asciilib.o
    0x00007970   0x00007970   0x00000011   Data   RO          971    .constdata          c_w.l(__printf_flags_wp.o)
    0x00007981   0x00007981   0x00000003   PAD
    0x00007984   0x00007984   0x00000030   Data   RO         1185    Region$$Table       anon$$obj.o


    Execution Region RW_IRAM1 (Exec base: 0x10000000, Load base: 0x000079b4, Size: 0x00000200, Max: 0x00008000, ABSOLUTE)

    Exec Addr    Load Addr    Size         Type   Attr      Idx    E Section Name        Object

    0x10000000        -       0x00000200   Zero   RW            1    STACK               startup_lpc17xx.o


    Execution Region RW_IRAM2 (Exec base: 0x2007c000, Load base: 0x000079b4, Size: 0x00000208, Max: 0x00008000, ABSOLUTE, COMPRESSED[0x00000078])

    Exec Addr    Load Addr    Size         Type   Attr      Idx    E Section Name        Object

    0x2007c000   COMPRESSED   0x0000000a   Data   RW           31    .data               sample.o
    0x2007c00a   COMPRESSED   0x00000002   PAD
    0x2007c00c   COMPRESSED   0x00000004   Data   RW          189    .data               system_lpc17xx.o
    0x2007c010   COMPRESSED   0x0000003c   Data   RW          391    .data               irq_rit.o
    0x2007c04c   COMPRESSED   0x000000c4   Data   RW          490    .data               irq_timer.o
    0x2007c110   COMPRESSED   0x00000001   Data   RW          619    .data               glcd.o
    0x2007c111   COMPRESSED   0x00000001   PAD
    0x2007c112   COMPRESSED   0x00000014   Data   RW          782    .data               touchpanel.o
    0x2007c126   COMPRESSED   0x00000004   Data   RW          886    .data               irq_adc.o
    0x2007c12a   COMPRESSED   0x00000002   PAD
    0x2007c12c        -       0x00000032   Zero   RW          389    .bss                irq_rit.o
    0x2007c15e   COMPRESSED   0x00000002   PAD
    0x2007c160        -       0x00000044   Zero   RW          781    .bss                touchpanel.o
    0x2007c1a4        -       0x00000060   Zero   RW         1057    .bss                c_w.l(libspace.o)
    0x2007c204   COMPRESSED   0x00000004   PAD
    0x2007c208        -       0x00000000   Zero   RW            2    HEAP                startup_lpc17xx.o


==============================================================================

Image component sizes


      Code (inc. data)   RO Data    RW Data    ZI Data      Debug   Object Name

        32          6       1520          0          0       1139   asciilib.o
         0          0          0          0          0      16896   funct_led.o
     15612        108          0          1          0      41056   glcd.o
       180         26          0          4          0        934   irq_adc.o
       156         38          0          0          0       2021   irq_button.o
       676         86         32         60         50       2291   irq_rit.o
       640        112          0        196          0       3601   irq_timer.o
       112         22          0          0          0       1122   lib_adc.o
        60         10          0          0          0        484   lib_joystick.o
       152         26          0          0          0      28037   lib_rit.o
       814         58          0          0          0       3870   lib_timer.o
      4050        250          0         10          0      14152   sample.o
        56         22        204          0        512       1080   startup_lpc17xx.o
       556         30          0          4          0        895   system_lpc17xx.o
      2430         96          0         20         68      11609   touchpanel.o

    ----------------------------------------------------------------------
     25538        890       1804        300        632     129187   Object Totals
         0          0         48          0          0          0   (incl. Generated)
        12          0          0          5          2          0   (incl. Padding)

    ----------------------------------------------------------------------

      Code (inc. data)   RO Data    RW Data    ZI Data      Debug   Library Member Name

        90          0          0          0          0          0   __dczerorl2.o
         8          0          0          0          0         68   __main.o
       312          4         17          0          0         92   __printf_flags_wp.o
        14          0          0          0          0         68   __printf_wp.o
         0          0          0          0          0          0   __rtentry.o
        12          0          0          0          0          0   __rtentry2.o
         6          0          0          0          0          0   __rtentry4.o
        52          8          0          0          0          0   __scatter.o
        28          0          0          0          0          0   __scatter_zi.o
        48          6          0          0          0         96   _printf_char_common.o
         6          0          0          0          0          0   _printf_d.o
       120         16          0          0          0         92   _printf_dec.o
       178          0          0          0          0         88   _printf_intcommon.o
        78          0          0          0          0        108   _printf_pad.o
         0          0          0          0          0          0   _printf_percent.o
         4          0          0          0          0          0   _printf_percent_end.o
        10          0          0          0          0         68   _sputc.o
        18          0          0          0          0         80   exit.o
         6          0          0          0          0        152   heapauxi.o
         0          0          0          0          0          0   indicate_semi.o
         2          0          0          0          0          0   libinit.o
         2          0          0          0          0          0   libinit2.o
         2          0          0          0          0          0   libshutdown.o
         2          0          0          0          0          0   libshutdown2.o
         8          4          0          0         96         68   libspace.o
        40          6          0          0          0         84   noretval__2sprintf.o
        78          0          0          0          0         80   rt_memclr_w.o
       138          0          0          0          0         68   rt_memcpy_v6.o
       100          0          0          0          0         80   rt_memcpy_w.o
         2          0          0          0          0          0   rtexit.o
        10          0          0          0          0          0   rtexit2.o
        12          4          0          0          0         68   sys_exit.o
        74          0          0          0          0         80   sys_stackheap_outer.o
         2          0          0          0          0         68   use_no_semi.o
       804         16          0          0          0        272   daddsub_clz.o
        24          0          0          0          0         68   dcmpi.o
       688        140          0          0          0        208   ddiv.o
       120          4          0          0          0         92   deqf.o
        90          4          0          0          0         92   dfixu.o
        84          0          0          0          0        136   dflt_clz.o
       340         12          0          0          0        104   dmul.o
       156          4          0          0          0         92   dnaninf.o
        12          0          0          0          0         68   dretinf.o
         0          0          0          0          0          0   usenofp.o

    ----------------------------------------------------------------------
      3794        228         20          0        100       2640   Library Totals
        14          0          3          0          4          0   (incl. Padding)

    ----------------------------------------------------------------------

      Code (inc. data)   RO Data    RW Data    ZI Data      Debug   Library Name

      1462         48         17          0         96       1508   c_w.l
      2318        180          0          0          0       1132   fz_ws.l

    ----------------------------------------------------------------------
      3794        228         20          0        100       2640   Library Totals

    ----------------------------------------------------------------------

==============================================================================


      Code (inc. data)   RO Data    RW Data    ZI Data      Debug   

     29332       1118       1824        300        732     127351   Grand Totals
     29332       1118       1824        120        732     127351   ELF Image Totals (compressed)
     29332       1118       1824        120          0          0   ROM Totals

==============================================================================

    Total RO  Size (Code + RO Data)                31156 (  30.43kB)
    Total RW  Size (RW Data + ZI Data)              1032 (   1.01kB)
    Total ROM Size (Code + RO Data + RW Data)      31276 (  30.54kB)

==============================================================================

